Component: ARM Compiler 5.05 update 1 (build 106) Tool: armlink [4d0efa]

==============================================================================

Section Cross References

    startup_stm32l476xx.o(RESET) refers to startup_stm32l476xx.o(STACK) for __initial_sp
    startup_stm32l476xx.o(RESET) refers to startup_stm32l476xx.o(.text) for Reset_Handler
    startup_stm32l476xx.o(RESET) refers to stm32l4xx_it.o(i.SysTick_Handler) for SysTick_Handler
    startup_stm32l476xx.o(RESET) refers to stm32l4xx_it.o(i.TIM2_IRQHandler) for TIM2_IRQHandler
    startup_stm32l476xx.o(RESET) refers to stm32l4xx_it.o(i.USART3_IRQHandler) for USART3_IRQHandler
    startup_stm32l476xx.o(RESET) refers to stm32l4xx_it.o(i.RTC_Alarm_IRQHandler) for RTC_Alarm_IRQHandler
    startup_stm32l476xx.o(.text) refers to system_stm32l4xx.o(i.SystemInit) for SystemInit
    startup_stm32l476xx.o(.text) refers to entry.o(.ARM.Collect$$$$00000000) for __main
    stm32l4xx_it.o(i.RTC_Alarm_IRQHandler) refers to stm32l4xx_hal_rtc.o(i.HAL_RTC_AlarmIRQHandler) for HAL_RTC_AlarmIRQHandler
    stm32l4xx_it.o(i.RTC_Alarm_IRQHandler) refers to main.o(.bss) for hrtc
    stm32l4xx_it.o(i.SysTick_Handler) refers to stm32l4xx_hal.o(i.HAL_IncTick) for HAL_IncTick
    stm32l4xx_it.o(i.SysTick_Handler) refers to stm32l4xx_hal_cortex.o(i.HAL_SYSTICK_IRQHandler) for HAL_SYSTICK_IRQHandler
    stm32l4xx_it.o(i.TIM2_IRQHandler) refers to stm32l4xx_hal_tim.o(i.HAL_TIM_IRQHandler) for HAL_TIM_IRQHandler
    stm32l4xx_it.o(i.TIM2_IRQHandler) refers to main.o(.bss) for htim2
    stm32l4xx_it.o(i.USART3_IRQHandler) refers to stm32l4xx_hal_uart.o(i.HAL_UART_IRQHandler) for HAL_UART_IRQHandler
    stm32l4xx_it.o(i.USART3_IRQHandler) refers to main.o(.bss) for huart3
    main.o(i.Error_Handler) refers to stm32l4xx_hal_gpio.o(i.HAL_GPIO_TogglePin) for HAL_GPIO_TogglePin
    main.o(i.Error_Handler) refers to stm32l4xx_hal.o(i.HAL_Delay) for HAL_Delay
    main.o(i.MX_GPIO_Init) refers to stm32l4xx_hal_gpio.o(i.HAL_GPIO_Init) for HAL_GPIO_Init
    main.o(i.MX_GPIO_Init) refers to stm32l4xx_hal_gpio.o(i.HAL_GPIO_WritePin) for HAL_GPIO_WritePin
    main.o(i.MX_I2C1_Init) refers to stm32l4xx_hal_i2c.o(i.HAL_I2C_Init) for HAL_I2C_Init
    main.o(i.MX_I2C1_Init) refers to main.o(i.Error_Handler) for Error_Handler
    main.o(i.MX_I2C1_Init) refers to stm32l4xx_hal_i2c_ex.o(i.HAL_I2CEx_ConfigAnalogFilter) for HAL_I2CEx_ConfigAnalogFilter
    main.o(i.MX_I2C1_Init) refers to main.o(.bss) for hi2c1
    main.o(i.MX_TIM2_Init) refers to stm32l4xx_hal_tim.o(i.HAL_TIM_Base_Init) for HAL_TIM_Base_Init
    main.o(i.MX_TIM2_Init) refers to main.o(i.Error_Handler) for Error_Handler
    main.o(i.MX_TIM2_Init) refers to stm32l4xx_hal_tim.o(i.HAL_TIM_ConfigClockSource) for HAL_TIM_ConfigClockSource
    main.o(i.MX_TIM2_Init) refers to stm32l4xx_hal_tim_ex.o(i.HAL_TIMEx_MasterConfigSynchronization) for HAL_TIMEx_MasterConfigSynchronization
    main.o(i.MX_TIM2_Init) refers to main.o(.bss) for htim2
    main.o(i.MX_USART3_UART_Init) refers to stm32l4xx_hal_uart.o(i.HAL_UART_Init) for HAL_UART_Init
    main.o(i.MX_USART3_UART_Init) refers to main.o(i.Error_Handler) for Error_Handler
    main.o(i.MX_USART3_UART_Init) refers to main.o(.bss) for huart3
    main.o(i.SystemClock_Config) refers to stm32l4xx_hal_rcc.o(i.HAL_RCC_OscConfig) for HAL_RCC_OscConfig
    main.o(i.SystemClock_Config) refers to main.o(i.Error_Handler) for Error_Handler
    main.o(i.SystemClock_Config) refers to stm32l4xx_hal_rcc.o(i.HAL_RCC_ClockConfig) for HAL_RCC_ClockConfig
    main.o(i.SystemClock_Config) refers to stm32l4xx_hal_rcc_ex.o(i.HAL_RCCEx_PeriphCLKConfig) for HAL_RCCEx_PeriphCLKConfig
    main.o(i.SystemClock_Config) refers to stm32l4xx_hal_pwr_ex.o(i.HAL_PWREx_ControlVoltageScaling) for HAL_PWREx_ControlVoltageScaling
    main.o(i.SystemClock_Config) refers to stm32l4xx_hal_rcc.o(i.HAL_RCC_GetHCLKFreq) for HAL_RCC_GetHCLKFreq
    main.o(i.SystemClock_Config) refers to stm32l4xx_hal_cortex.o(i.HAL_SYSTICK_Config) for HAL_SYSTICK_Config
    main.o(i.SystemClock_Config) refers to stm32l4xx_hal_cortex.o(i.HAL_SYSTICK_CLKSourceConfig) for HAL_SYSTICK_CLKSourceConfig
    main.o(i.SystemClock_Config) refers to stm32l4xx_hal_cortex.o(i.HAL_NVIC_SetPriority) for HAL_NVIC_SetPriority
    main.o(i.fputc) refers to stm32l4xx_hal_uart.o(i.HAL_UART_Transmit) for HAL_UART_Transmit
    main.o(i.fputc) refers to main.o(.bss) for huart3
    main.o(i.main) refers to stm32l4xx_hal.o(i.HAL_Init) for HAL_Init
    main.o(i.main) refers to main.o(i.SystemClock_Config) for SystemClock_Config
    main.o(i.main) refers to main.o(i.MX_GPIO_Init) for MX_GPIO_Init
    main.o(i.main) refers to main.o(i.MX_I2C1_Init) for MX_I2C1_Init
    main.o(i.main) refers to main.o(i.MX_USART3_UART_Init) for MX_USART3_UART_Init
    main.o(i.main) refers to main.o(i.MX_TIM2_Init) for MX_TIM2_Init
    main.o(i.main) refers to calender.o(i.StartRTC_Routine) for StartRTC_Routine
[...]
    Removing cdrcmple.o(.text), (48 bytes).
    Removing depilogue.o(.text), (186 bytes).

547 unused section(s) (total 49928 bytes) removed from the image.

==============================================================================

Image Symbol Table

    Local Symbols

    Symbol Name                              Value     Ov Type        Size  Object(Section)

    ../Drivers/STM32L4xx_HAL_Driver/Src/stm32l4xx_hal.c 0x00000000   Number         0  stm32l4xx_hal.o ABSOLUTE
    ../Drivers/STM32L4xx_HAL_Driver/Src/stm32l4xx_hal_cortex.c 0x00000000   Number         0  stm32l4xx_hal_cortex.o ABSOLUTE
    ../Drivers/STM32L4xx_HAL_Driver/Src/stm32l4xx_hal_dma.c 0x00000000   Number         0  stm32l4xx_hal_dma.o ABSOLUTE
    ../Drivers/STM32L4xx_HAL_Driver/Src/stm32l4xx_hal_flash.c 0x00000000   Number         0  stm32l4xx_hal_flash.o ABSOLUTE
    ../Drivers/STM32L4xx_HAL_Driver/Src/stm32l4xx_hal_flash_ex.c 0x00000000   Number         0  stm32l4xx_hal_flash_ex.o ABSOLUTE
    ../Drivers/STM32L4xx_HAL_Driver/Src/stm32l4xx_hal_flash_ramfunc.c 0x00000000   Number         0  stm32l4xx_hal_flash_ramfunc.o ABSOLUTE
    ../Drivers/STM32L4xx_HAL_Driver/Src/stm32l4xx_hal_gpio.c 0x00000000   Number         0  stm32l4xx_hal_gpio.o ABSOLUTE
    ../Drivers/STM32L4xx_HAL_Driver/Src/stm32l4xx_hal_i2c.c 0x00000000   Number         0  stm32l4xx_hal_i2c.o ABSOLUTE
    ../Drivers/STM32L4xx_HAL_Driver/Src/stm32l4xx_hal_i2c_ex.c 0x00000000   Number         0  stm32l4xx_hal_i2c_ex.o ABSOLUTE
    ../Drivers/STM32L4xx_HAL_Driver/Src/stm32l4xx_hal_pwr.c 0x00000000   Number         0  stm32l4xx_hal_pwr.o ABSOLUTE
    ../Drivers/STM32L4xx_HAL_Driver/Src/stm32l4xx_hal_pwr_ex.c 0x00000000   Number         0  stm32l4xx_hal_pwr_ex.o ABSOLUTE
    ../Drivers/STM32L4xx_HAL_Driver/Src/stm32l4xx_hal_rcc.c 0x00000000   Number         0  stm32l4xx_hal_rcc.o ABSOLUTE
    ../Drivers/STM32L4xx_HAL_Driver/Src/stm32l4xx_hal_rcc_ex.c 0x00000000   Number         0  stm32l4xx_hal_rcc_ex.o ABSOLUTE
    ../Drivers/STM32L4xx_HAL_Driver/Src/stm32l4xx_hal_rtc.c 0x00000000   Number         0  stm32l4xx_hal_rtc.o ABSOLUTE
    ../Drivers/STM32L4xx_HAL_Driver/Src/stm32l4xx_hal_rtc_ex.c 0x00000000   Number         0  stm32l4xx_hal_rtc_ex.o ABSOLUTE
    ../Drivers/STM32L4xx_HAL_Driver/Src/stm32l4xx_hal_tim.c 0x00000000   Number         0  stm32l4xx_hal_tim.o ABSOLUTE
    ../Drivers/STM32L4xx_HAL_Driver/Src/stm32l4xx_hal_tim_ex.c 0x00000000   Number         0  stm32l4xx_hal_tim_ex.o ABSOLUTE
    ../Drivers/STM32L4xx_HAL_Driver/Src/stm32l4xx_hal_uart.c 0x00000000   Number         0  stm32l4xx_hal_uart.o ABSOLUTE
    ../Drivers/STM32L4xx_HAL_Driver/Src/stm32l4xx_hal_uart_ex.c 0x00000000   Number         0  stm32l4xx_hal_uart_ex.o ABSOLUTE
    ../Src/main.c                            0x00000000   Number         0  main.o ABSOLUTE
    ../Src/stm32l4xx_hal_msp.c               0x00000000   Number         0  stm32l4xx_hal_msp.o ABSOLUTE
    ../Src/stm32l4xx_it.c                    0x00000000   Number         0  stm32l4xx_it.o ABSOLUTE
    ../Src/system_stm32l4xx.c                0x00000000   Number         0  system_stm32l4xx.o ABSOLUTE
    ../clib/microlib/division.c              0x00000000   Number         0  uidiv.o ABSOLUTE
    ../clib/microlib/division.c              0x00000000   Number         0  uldiv.o ABSOLUTE
    ../clib/microlib/init/entry.s            0x00000000   Number         0  entry5.o ABSOLUTE
    ../clib/microlib/init/entry.s            0x00000000   Number         0  entry7a.o ABSOLUTE
    ../clib/microlib/init/entry.s            0x00000000   Number         0  entry2.o ABSOLUTE
    ../clib/microlib/init/entry.s            0x00000000   Number         0  entry11b.o ABSOLUTE
    ../clib/microlib/init/entry.s            0x00000000   Number         0  entry10b.o ABSOLUTE
    ../clib/microlib/init/entry.s            0x00000000   Number         0  entry11a.o ABSOLUTE
    ../clib/microlib/init/entry.s            0x00000000   Number         0  entry9b.o ABSOLUTE
    ../clib/microlib/init/entry.s            0x00000000   Number         0  entry.o ABSOLUTE
    ../clib/microlib/init/entry.s            0x00000000   Number         0  entry10a.o ABSOLUTE
    ../clib/microlib/init/entry.s            0x00000000   Number         0  entry9a.o ABSOLUTE
    ../clib/microlib/init/entry.s            0x00000000   Number         0  entry8b.o ABSOLUTE
    ../clib/microlib/init/entry.s            0x00000000   Number         0  entry8a.o ABSOLUTE
    ../clib/microlib/init/entry.s            0x00000000   Number         0  entry7b.o ABSOLUTE
    ../clib/microlib/longlong.c              0x00000000   Number         0  llushr.o ABSOLUTE
    ../clib/microlib/longlong.c              0x00000000   Number         0  llshl.o ABSOLUTE
    ../clib/microlib/longlong.c              0x00000000   Number         0  llsshr.o ABSOLUTE
    ../clib/microlib/printf/printf.c         0x00000000   Number         0  printf1.o ABSOLUTE
    ../clib/microlib/printf/printf.c         0x00000000   Number         0  printfb.o ABSOLUTE
    ../clib/microlib/printf/printf.c         0x00000000   Number         0  printf2.o ABSOLUTE
    ../clib/microlib/printf/printf.c         0x00000000   Number         0  printf3.o ABSOLUTE
    ../clib/microlib/printf/printf.c         0x00000000   Number         0  printf4.o ABSOLUTE
    ../clib/microlib/printf/printf.c         0x00000000   Number         0  printf5.o ABSOLUTE
    ../clib/microlib/printf/printf.c         0x00000000   Number         0  printf6.o ABSOLUTE
    ../clib/microlib/printf/printf.c         0x00000000   Number         0  printf7.o ABSOLUTE
    ../clib/microlib/printf/printf.c         0x00000000   Number         0  printf8.o ABSOLUTE
    ../clib/microlib/printf/printf.c         0x00000000   Number         0  printf0.o ABSOLUTE
    ../clib/microlib/printf/printf.c         0x00000000   Number         0  printfa.o ABSOLUTE
    ../clib/microlib/printf/stubs.s          0x00000000   Number         0  stubs.o ABSOLUTE
    ../clib/microlib/stdio/streams.c         0x00000000   Number         0  stdout.o ABSOLUTE
    ../clib/microlib/string/memcpy.c         0x00000000   Number         0  memcpya.o ABSOLUTE
    ../clib/microlib/string/memcpy.c         0x00000000   Number         0  memcpyb.o ABSOLUTE
    ../clib/microlib/string/memset.c         0x00000000   Number         0  memseta.o ABSOLUTE
    ../clib/microlib/string/strcmp.c         0x00000000   Number         0  strcmp.o ABSOLUTE
    ../clib/microlib/string/strcpy.c         0x00000000   Number         0  strcpy.o ABSOLUTE
    ../clib/microlib/stubs.s                 0x00000000   Number         0  iusefp.o ABSOLUTE
    ../fplib/microlib/fpadd.c                0x00000000   Number         0  dadd.o ABSOLUTE
    ../fplib/microlib/fpdiv.c                0x00000000   Number         0  ddiv.o ABSOLUTE
    ../fplib/microlib/fpepilogue.c           0x00000000   Number         0  depilogue.o ABSOLUTE
    ../fplib/microlib/fpfix.c                0x00000000   Number         0  dfixul.o ABSOLUTE
    ../fplib/microlib/fpmul.c                0x00000000   Number         0  dmul.o ABSOLUTE
    ..\Drivers\STM32L4xx_HAL_Driver\Src\stm32l4xx_hal.c 0x00000000   Number         0  stm32l4xx_hal.o ABSOLUTE
    ..\Drivers\STM32L4xx_HAL_Driver\Src\stm32l4xx_hal_cortex.c 0x00000000   Number         0  stm32l4xx_hal_cortex.o ABSOLUTE
    ..\Drivers\STM32L4xx_HAL_Driver\Src\stm32l4xx_hal_dma.c 0x00000000   Number         0  stm32l4xx_hal_dma.o ABSOLUTE
    ..\Drivers\STM32L4xx_HAL_Driver\Src\stm32l4xx_hal_flash.c 0x00000000   Number         0  stm32l4xx_hal_flash.o ABSOLUTE
    ..\Drivers\STM32L4xx_HAL_Driver\Src\stm32l4xx_hal_flash_ex.c 0x00000000   Number         0  stm32l4xx_hal_flash_ex.o ABSOLUTE
    ..\Drivers\STM32L4xx_HAL_Driver\Src\stm32l4xx_hal_flash_ramfunc.c 0x00000000   Number         0  stm32l4xx_hal_flash_ramfunc.o ABSOLUTE
    ..\Drivers\STM32L4xx_HAL_Driver\Src\stm32l4xx_hal_gpio.c 0x00000000   Number         0  stm32l4xx_hal_gpio.o ABSOLUTE
    ..\Drivers\STM32L4xx_HAL_Driver\Src\stm32l4xx_hal_i2c.c 0x00000000   Number         0  stm32l4xx_hal_i2c.o ABSOLUTE
    ..\Drivers\STM32L4xx_HAL_Driver\Src\stm32l4xx_hal_i2c_ex.c 0x00000000   Number         0  stm32l4xx_hal_i2c_ex.o ABSOLUTE
    ..\Drivers\STM32L4xx_HAL_Driver\Src\stm32l4xx_hal_pwr.c 0x00000000   Number         0  stm32l4xx_hal_pwr.o ABSOLUTE
    ..\Drivers\STM32L4xx_HAL_Driver\Src\stm32l4xx_hal_pwr_ex.c 0x00000000   Number         0  stm32l4xx_hal_pwr_ex.o ABSOLUTE
    ..\Drivers\STM32L4xx_HAL_Driver\Src\stm32l4xx_hal_rcc.c 0x00000000   Number         0  stm32l4xx_hal_rcc.o ABSOLUTE
    ..\Drivers\STM32L4xx_HAL_Driver\Src\stm32l4xx_hal_rcc_ex.c 0x00000000   Number         0  stm32l4xx_hal_rcc_ex.o ABSOLUTE
    ..\Drivers\STM32L4xx_HAL_Driver\Src\stm32l4xx_hal_rtc.c 0x00000000   Number         0  stm32l4xx_hal_rtc.o ABSOLUTE
    ..\Drivers\STM32L4xx_HAL_Driver\Src\stm32l4xx_hal_rtc_ex.c 0x00000000   Number         0  stm32l4xx_hal_rtc_ex.o ABSOLUTE
    ..\Drivers\STM32L4xx_HAL_Driver\Src\stm32l4xx_hal_tim.c 0x00000000   Number         0  stm32l4xx_hal_tim.o ABSOLUTE
    ..\Drivers\STM32L4xx_HAL_Driver\Src\stm32l4xx_hal_tim_ex.c 0x00000000   Number         0  stm32l4xx_hal_tim_ex.o ABSOLUTE
    ..\Drivers\STM32L4xx_HAL_Driver\Src\stm32l4xx_hal_uart.c 0x00000000   Number         0  stm32l4xx_hal_uart.o ABSOLUTE
    ..\Drivers\STM32L4xx_HAL_Driver\Src\stm32l4xx_hal_uart_ex.c 0x00000000   Number         0  stm32l4xx_hal_uart_ex.o ABSOLUTE
    ..\Src\Calender.c                        0x00000000   Number         0  calender.o ABSOLUTE
    ..\Src\Pages.c                           0x00000000   Number         0  pages.o ABSOLUTE
    ..\Src\Uart_Process.c                    0x00000000   Number         0  uart_process.o ABSOLUTE
    ..\Src\fonts.c                           0x00000000   Number         0  fonts.o ABSOLUTE
    ..\Src\main.c                            0x00000000   Number         0  main.o ABSOLUTE
    ..\Src\ssd1306.c                         0x00000000   Number         0  ssd1306.o ABSOLUTE
    ..\Src\stm32l4xx_hal_msp.c               0x00000000   Number         0  stm32l4xx_hal_msp.o ABSOLUTE
    ..\Src\stm32l4xx_it.c                    0x00000000   Number         0  stm32l4xx_it.o ABSOLUTE
    ..\Src\system_stm32l4xx.c                0x00000000   Number         0  system_stm32l4xx.o ABSOLUTE
    ..\\Src\\Calender.c                      0x00000000   Number         0  calender.o ABSOLUTE
    ..\\Src\\Pages.c                         0x00000000   Number         0  pages.o ABSOLUTE
    ..\\Src\\Uart_Process.c                  0x00000000   Number         0  uart_process.o ABSOLUTE
    ..\\Src\\fonts.c                         0x00000000   Number         0  fonts.o ABSOLUTE
    ..\\Src\\ssd1306.c                       0x00000000   Number         0  ssd1306.o ABSOLUTE
    cdrcmple.s                               0x00000000   Number         0  cdrcmple.o ABSOLUTE
    dc.s                                     0x00000000   Number         0  dc.o ABSOLUTE
    handlers.s                               0x00000000   Number         0  handlers.o ABSOLUTE
    init.s                                   0x00000000   Number         0  init.o ABSOLUTE
    startup_stm32l476xx.s                    0x00000000   Number         0  startup_stm32l476xx.o ABSOLUTE
    RESET                                    0x08000000   Section      392  startup_stm32l476xx.o(RESET)
    .ARM.Collect$$$$00000000                 0x08000188   Section        0  entry.o(.ARM.Collect$$$$00000000)
    .ARM.Collect$$$$00000001                 0x08000188   Section        4  entry2.o(.ARM.Collect$$$$00000001)
    .ARM.Collect$$$$00000004                 0x0800018c   Section        4  entry5.o(.ARM.Collect$$$$00000004)
    .ARM.Collect$$$$00000008                 0x08000190   Section        0  entry7b.o(.ARM.Collect$$$$00000008)
    .ARM.Collect$$$$0000000A                 0x08000190   Section        0  entry8b.o(.ARM.Collect$$$$0000000A)
    .ARM.Collect$$$$0000000B                 0x08000190   Section        8  entry9a.o(.ARM.Collect$$$$0000000B)
    .ARM.Collect$$$$0000000D                 0x08000198   Section        0  entry10a.o(.ARM.Collect$$$$0000000D)
    .ARM.Collect$$$$0000000F                 0x08000198   Section        0  entry11a.o(.ARM.Collect$$$$0000000F)
    .ARM.Collect$$$$00002712                 0x08000198   Section        4  entry2.o(.ARM.Collect$$$$00002712)
    __lit__00000000                          0x08000198   Data           4  entry2.o(.ARM.Collect$$$$00002712)
    .text                                    0x0800019c   Section       36  startup_stm32l476xx.o(.text)
    $v0                                      0x0800019c   Number         0  startup_stm32l476xx.o(.text)
    .text                                    0x080001c0   Section        0  uldiv.o(.text)
    .text                                    0x08000222   Section        0  memcpya.o(.text)
    .text                                    0x08000246   Section        0  memseta.o(.text)
    .text                                    0x0800026a   Section        0  strcmp.o(.text)
    .text                                    0x08000286   Section        0  strcpy.o(.text)
    .text                                    0x08000298   Section        0  uidiv.o(.text)
    .text                                    0x080002c4   Section        0  llshl.o(.text)
    .text                                    0x080002e2   Section        0  llushr.o(.text)
    .text                                    0x08000304   Section       36  init.o(.text)
    i.CheckLimit                             0x08000328   Section        0  pages.o(i.CheckLimit)
    i.Error_Handler                          0x08000388   Section        0  main.o(i.Error_Handler)
    i.GrabDataFromBuffer                     0x0800039c   Section        0  uart_process.o(i.GrabDataFromBuffer)
    i.HAL_DMA_Abort_IT                       0x080003b6   Section        0  stm32l4xx_hal_dma.o(i.HAL_DMA_Abort_IT)
    i.HAL_Delay                              0x0800040e   Section        0  stm32l4xx_hal.o(i.HAL_Delay)
    i.HAL_GPIO_Init                          0x08000428   Section        0  stm32l4xx_hal_gpio.o(i.HAL_GPIO_Init)
    i.HAL_GPIO_ReadPin                       0x08000630   Section        0  stm32l4xx_hal_gpio.o(i.HAL_GPIO_ReadPin)
    i.HAL_GPIO_TogglePin                     0x08000640   Section        0  stm32l4xx_hal_gpio.o(i.HAL_GPIO_TogglePin)
    i.HAL_GPIO_WritePin                      0x08000648   Section        0  stm32l4xx_hal_gpio.o(i.HAL_GPIO_WritePin)
    i.HAL_GetTick                            0x08000654   Section        0  stm32l4xx_hal.o(i.HAL_GetTick)
    i.HAL_I2CEx_ConfigAnalogFilter           0x08000660   Section        0  stm32l4xx_hal_i2c_ex.o(i.HAL_I2CEx_ConfigAnalogFilter)
    i.HAL_I2C_Init                           0x080006cc   Section        0  stm32l4xx_hal_i2c.o(i.HAL_I2C_Init)
    i.HAL_I2C_Mem_Write                      0x08000790   Section        0  stm32l4xx_hal_i2c.o(i.HAL_I2C_Mem_Write)
    i.HAL_I2C_MspInit                        0x08000948   Section        0  stm32l4xx_hal_msp.o(i.HAL_I2C_MspInit)
    i.HAL_IncTick                            0x080009a0   Section        0  stm32l4xx_hal.o(i.HAL_IncTick)
    i.HAL_Init                               0x080009b0   Section        0  stm32l4xx_hal.o(i.HAL_Init)
    i.HAL_InitTick                           0x080009d8   Section        0  stm32l4xx_hal.o(i.HAL_InitTick)
    i.HAL_MspInit                            0x08000a00   Section        0  stm32l4xx_hal_msp.o(i.HAL_MspInit)
    i.HAL_NVIC_EnableIRQ                     0x08000a90   Section        0  stm32l4xx_hal_cortex.o(i.HAL_NVIC_EnableIRQ)
    i.HAL_NVIC_SetPriority                   0x08000aaa   Section        0  stm32l4xx_hal_cortex.o(i.HAL_NVIC_SetPriority)
    i.HAL_NVIC_SetPriorityGrouping           0x08000b28   Section        0  stm32l4xx_hal_cortex.o(i.HAL_NVIC_SetPriorityGrouping)
    i.HAL_PWREx_ControlVoltageScaling        0x08000b50   Section        0  stm32l4xx_hal_pwr_ex.o(i.HAL_PWREx_ControlVoltageScaling)
    i.HAL_PWREx_GetVoltageRange              0x08000bdc   Section        0  stm32l4xx_hal_pwr_ex.o(i.HAL_PWREx_GetVoltageRange)
    i.HAL_PWR_EnableBkUpAccess               0x08000bec   Section        0  stm32l4xx_hal_pwr.o(i.HAL_PWR_EnableBkUpAccess)
    i.HAL_RCCEx_PeriphCLKConfig              0x08000c00   Section        0  stm32l4xx_hal_rcc_ex.o(i.HAL_RCCEx_PeriphCLKConfig)
    i.HAL_RCC_ClockConfig                    0x080010d4   Section        0  stm32l4xx_hal_rcc.o(i.HAL_RCC_ClockConfig)
    i.HAL_RCC_GetHCLKFreq                    0x080012bc   Section        0  stm32l4xx_hal_rcc.o(i.HAL_RCC_GetHCLKFreq)
    i.HAL_RCC_GetPCLK1Freq                   0x080012c8   Section        0  stm32l4xx_hal_rcc.o(i.HAL_RCC_GetPCLK1Freq)
    i.HAL_RCC_GetPCLK2Freq                   0x080012f4   Section        0  stm32l4xx_hal_rcc.o(i.HAL_RCC_GetPCLK2Freq)
    i.HAL_RCC_GetSysClockFreq                0x08001320   Section        0  stm32l4xx_hal_rcc.o(i.HAL_RCC_GetSysClockFreq)
    i.HAL_RCC_OscConfig                      0x08001494   Section        0  stm32l4xx_hal_rcc.o(i.HAL_RCC_OscConfig)
    i.HAL_RTCEx_AlarmBEventCallback          0x08001ae0   Section        0  stm32l4xx_hal_rtc_ex.o(i.HAL_RTCEx_AlarmBEventCallback)
    i.HAL_RTCEx_BKUPRead                     0x08001ae2   Section        0  stm32l4xx_hal_rtc_ex.o(i.HAL_RTCEx_BKUPRead)
    i.HAL_RTCEx_BKUPWrite                    0x08001af4   Section        0  stm32l4xx_hal_rtc_ex.o(i.HAL_RTCEx_BKUPWrite)
    i.HAL_RTC_AlarmAEventCallback            0x08001b08   Section        0  calender.o(i.HAL_RTC_AlarmAEventCallback)
    i.HAL_RTC_AlarmIRQHandler                0x08001b34   Section        0  stm32l4xx_hal_rtc.o(i.HAL_RTC_AlarmIRQHandler)
    i.HAL_RTC_GetDate                        0x08001bd0   Section        0  stm32l4xx_hal_rtc.o(i.HAL_RTC_GetDate)
    i.HAL_RTC_GetTime                        0x08001c1c   Section        0  stm32l4xx_hal_rtc.o(i.HAL_RTC_GetTime)
    i.HAL_RTC_Init                           0x08001c7c   Section        0  stm32l4xx_hal_rtc.o(i.HAL_RTC_Init)
    i.HAL_RTC_MspInit                        0x08001d40   Section        0  stm32l4xx_hal_msp.o(i.HAL_RTC_MspInit)
    i.HAL_RTC_SetAlarm_IT                    0x08001d78   Section        0  stm32l4xx_hal_rtc.o(i.HAL_RTC_SetAlarm_IT)
    i.HAL_RTC_SetDate                        0x08001fb4   Section        0  stm32l4xx_hal_rtc.o(i.HAL_RTC_SetDate)
    i.HAL_RTC_SetTime                        0x080020d8   Section        0  stm32l4xx_hal_rtc.o(i.HAL_RTC_SetTime)
    i.HAL_RTC_WaitForSynchro                 0x08002220   Section        0  stm32l4xx_hal_rtc.o(i.HAL_RTC_WaitForSynchro)
    i.HAL_SYSTICK_CLKSourceConfig            0x0800225a   Section        0  stm32l4xx_hal_cortex.o(i.HAL_SYSTICK_CLKSourceConfig)
    i.HAL_SYSTICK_Callback                   0x08002282   Section        0  stm32l4xx_hal_cortex.o(i.HAL_SYSTICK_Callback)
    i.HAL_SYSTICK_Config                     0x08002284   Section        0  stm32l4xx_hal_cortex.o(i.HAL_SYSTICK_Config)
    i.HAL_SYSTICK_IRQHandler                 0x080022b8   Section        0  stm32l4xx_hal_cortex.o(i.HAL_SYSTICK_IRQHandler)
    i.HAL_TIMEx_BreakCallback                0x080022c0   Section        0  stm32l4xx_hal_tim_ex.o(i.HAL_TIMEx_BreakCallback)
    i.HAL_TIMEx_CommutationCallback          0x080022c2   Section        0  stm32l4xx_hal_tim_ex.o(i.HAL_TIMEx_CommutationCallback)
    i.HAL_TIMEx_MasterConfigSynchronization  0x080022c4   Section        0  stm32l4xx_hal_tim_ex.o(i.HAL_TIMEx_MasterConfigSynchronization)
    i.HAL_TIM_Base_Init                      0x08002330   Section        0  stm32l4xx_hal_tim.o(i.HAL_TIM_Base_Init)
    i.HAL_TIM_Base_MspInit                   0x08002364   Section        0  stm32l4xx_hal_msp.o(i.HAL_TIM_Base_MspInit)
    i.HAL_TIM_Base_Start_IT                  0x080023a4   Section        0  stm32l4xx_hal_tim.o(i.HAL_TIM_Base_Start_IT)
    i.HAL_TIM_ConfigClockSource              0x080023c4   Section        0  stm32l4xx_hal_tim.o(i.HAL_TIM_ConfigClockSource)
    i.HAL_TIM_IC_CaptureCallback             0x080024fc   Section        0  stm32l4xx_hal_tim.o(i.HAL_TIM_IC_CaptureCallback)
    i.HAL_TIM_IRQHandler                     0x080024fe   Section        0  stm32l4xx_hal_tim.o(i.HAL_TIM_IRQHandler)
    i.HAL_TIM_OC_DelayElapsedCallback        0x08002694   Section        0  stm32l4xx_hal_tim.o(i.HAL_TIM_OC_DelayElapsedCallback)
    i.HAL_TIM_PWM_PulseFinishedCallback      0x08002696   Section        0  stm32l4xx_hal_tim.o(i.HAL_TIM_PWM_PulseFinishedCallback)
    i.HAL_TIM_PeriodElapsedCallback          0x08002698   Section        0  pages.o(i.HAL_TIM_PeriodElapsedCallback)
    i.HAL_TIM_TriggerCallback                0x08002754   Section        0  stm32l4xx_hal_tim.o(i.HAL_TIM_TriggerCallback)
    i.HAL_UARTEx_WakeupCallback              0x08002756   Section        0  stm32l4xx_hal_uart_ex.o(i.HAL_UARTEx_WakeupCallback)
    i.HAL_UART_ErrorCallback                 0x08002758   Section        0  stm32l4xx_hal_uart.o(i.HAL_UART_ErrorCallback)
    i.HAL_UART_IRQHandler                    0x0800275c   Section        0  stm32l4xx_hal_uart.o(i.HAL_UART_IRQHandler)
    i.HAL_UART_Init                          0x080028ec   Section        0  stm32l4xx_hal_uart.o(i.HAL_UART_Init)
    i.HAL_UART_MspInit                       0x08002964   Section        0  stm32l4xx_hal_msp.o(i.HAL_UART_MspInit)
    i.HAL_UART_Receive_IT                    0x080029cc   Section        0  stm32l4xx_hal_uart.o(i.HAL_UART_Receive_IT)
    i.HAL_UART_RxCpltCallback                0x08002a88   Section        0  uart_process.o(i.HAL_UART_RxCpltCallback)
    i.HAL_UART_Transmit                      0x08002b08   Section        0  stm32l4xx_hal_uart.o(i.HAL_UART_Transmit)
    i.HAL_UART_TxCpltCallback                0x08002bce   Section        0  stm32l4xx_hal_uart.o(i.HAL_UART_TxCpltCallback)
    i.I2C_Flush_TXDR                         0x08002bd0   Section        0  stm32l4xx_hal_i2c.o(i.I2C_Flush_TXDR)
    I2C_Flush_TXDR                           0x08002bd1   Thumb Code    40  stm32l4xx_hal_i2c.o(i.I2C_Flush_TXDR)
    i.I2C_IsAcknowledgeFailed                0x08002bf8   Section        0  stm32l4xx_hal_i2c.o(i.I2C_IsAcknowledgeFailed)
    I2C_IsAcknowledgeFailed                  0x08002bf9   Thumb Code   136  stm32l4xx_hal_i2c.o(i.I2C_IsAcknowledgeFailed)
    i.I2C_RequestMemoryWrite                 0x08002c84   Section        0  stm32l4xx_hal_i2c.o(i.I2C_RequestMemoryWrite)
    I2C_RequestMemoryWrite                   0x08002c85   Thumb Code   140  stm32l4xx_hal_i2c.o(i.I2C_RequestMemoryWrite)
    i.I2C_TransferConfig                     0x08002d10   Section        0  stm32l4xx_hal_i2c.o(i.I2C_TransferConfig)
    I2C_TransferConfig                       0x08002d11   Thumb Code    42  stm32l4xx_hal_i2c.o(i.I2C_TransferConfig)
    i.I2C_WaitOnFlagUntilTimeout             0x08002d40   Section        0  stm32l4xx_hal_i2c.o(i.I2C_WaitOnFlagUntilTimeout)
    I2C_WaitOnFlagUntilTimeout               0x08002d41   Thumb Code    86  stm32l4xx_hal_i2c.o(i.I2C_WaitOnFlagUntilTimeout)
    i.I2C_WaitOnSTOPFlagUntilTimeout         0x08002d96   Section        0  stm32l4xx_hal_i2c.o(i.I2C_WaitOnSTOPFlagUntilTimeout)
    I2C_WaitOnSTOPFlagUntilTimeout           0x08002d97   Thumb Code    86  stm32l4xx_hal_i2c.o(i.I2C_WaitOnSTOPFlagUntilTimeout)
    i.I2C_WaitOnTXISFlagUntilTimeout         0x08002dec   Section        0  stm32l4xx_hal_i2c.o(i.I2C_WaitOnTXISFlagUntilTimeout)
    I2C_WaitOnTXISFlagUntilTimeout           0x08002ded   Thumb Code    90  stm32l4xx_hal_i2c.o(i.I2C_WaitOnTXISFlagUntilTimeout)
    i.Indicate_Parameter                     0x08002e48   Section        0  pages.o(i.Indicate_Parameter)
    i.Init_RTC                               0x08002f64   Section        0  calender.o(i.Init_RTC)
    i.MX_GPIO_Init                           0x08002f98   Section        0  main.o(i.MX_GPIO_Init)
    MX_GPIO_Init                             0x08002f99   Thumb Code   200  main.o(i.MX_GPIO_Init)
    i.MX_I2C1_Init                           0x08003068   Section        0  main.o(i.MX_I2C1_Init)
    MX_I2C1_Init                             0x08003069   Thumb Code    60  main.o(i.MX_I2C1_Init)
    i.MX_TIM2_Init                           0x080030b0   Section        0  main.o(i.MX_TIM2_Init)
    MX_TIM2_Init                             0x080030b1   Thumb Code    86  main.o(i.MX_TIM2_Init)
    i.MX_USART3_UART_Init                    0x0800310c   Section        0  main.o(i.MX_USART3_UART_Init)
    MX_USART3_UART_Init                      0x0800310d   Thumb Code    56  main.o(i.MX_USART3_UART_Init)
    i.Main_Page_Process                      0x0800314c   Section        0  pages.o(i.Main_Page_Process)
    i.NVIC_GetPriorityGrouping               0x080031ac   Section        0  stm32l4xx_hal_cortex.o(i.NVIC_GetPriorityGrouping)
    NVIC_GetPriorityGrouping                 0x080031ad   Thumb Code    10  stm32l4xx_hal_cortex.o(i.NVIC_GetPriorityGrouping)
    i.NVIC_SetPriority                       0x080031bc   Section        0  stm32l4xx_hal_cortex.o(i.NVIC_SetPriority)
    NVIC_SetPriority                         0x080031bd   Thumb Code    32  stm32l4xx_hal_cortex.o(i.NVIC_SetPriority)
    i.PageScreen_1                           0x080031e4   Section        0  pages.o(i.PageScreen_1)
    i.PageScreen_2                           0x08003270   Section        0  pages.o(i.PageScreen_2)
    i.PageScreen_3                           0x08003360   Section        0  pages.o(i.PageScreen_3)
    i.Proceed_Commands                       0x0800347c   Section        0  uart_process.o(i.Proceed_Commands)
    i.RCCEx_PLLSAI1_Config                   0x080034f4   Section        0  stm32l4xx_hal_rcc_ex.o(i.RCCEx_PLLSAI1_Config)
    RCCEx_PLLSAI1_Config                     0x080034f5   Thumb Code   476  stm32l4xx_hal_rcc_ex.o(i.RCCEx_PLLSAI1_Config)
    i.RCCEx_PLLSAI2_Config                   0x080036e0   Section        0  stm32l4xx_hal_rcc_ex.o(i.RCCEx_PLLSAI2_Config)
    RCCEx_PLLSAI2_Config                     0x080036e1   Thumb Code   416  stm32l4xx_hal_rcc_ex.o(i.RCCEx_PLLSAI2_Config)
    i.RCC_SetFlashLatencyFromMSIRange        0x0800388c   Section        0  stm32l4xx_hal_rcc.o(i.RCC_SetFlashLatencyFromMSIRange)
    RCC_SetFlashLatencyFromMSIRange          0x0800388d   Thumb Code   150  stm32l4xx_hal_rcc.o(i.RCC_SetFlashLatencyFromMSIRange)
    i.RTC_Alarm_IRQHandler                   0x0800392c   Section        0  stm32l4xx_it.o(i.RTC_Alarm_IRQHandler)
    i.RTC_Bcd2ToByte                         0x0800393c   Section        0  stm32l4xx_hal_rtc.o(i.RTC_Bcd2ToByte)
    i.RTC_ByteToBcd2                         0x08003952   Section        0  stm32l4xx_hal_rtc.o(i.RTC_ByteToBcd2)
    i.RTC_DateShow                           0x0800396c   Section        0  calender.o(i.RTC_DateShow)
    i.RTC_EnterInitMode                      0x080039ec   Section        0  stm32l4xx_hal_rtc.o(i.RTC_EnterInitMode)
    i.RTC_TimeShow                           0x08003a2c   Section        0  calender.o(i.RTC_TimeShow)
    i.SSD1306_DrawLine                       0x08003a84   Section        0  ssd1306.o(i.SSD1306_DrawLine)
    i.Set_Alarm                              0x08003bd0   Section        0  calender.o(i.Set_Alarm)
    i.ShowAlarm                              0x08003c1c   Section        0  pages.o(i.ShowAlarm)
    i.StartRTC_Routine                       0x08003cc4   Section        0  calender.o(i.StartRTC_Routine)
    i.SubPage_1                              0x08003e3c   Section        0  pages.o(i.SubPage_1)
    i.SubPage_2                              0x08003ea0   Section        0  pages.o(i.SubPage_2)
    i.SubPage_3                              0x08003f04   Section        0  pages.o(i.SubPage_3)
    i.Sub_Page_Process                       0x08003f08   Section        0  pages.o(i.Sub_Page_Process)
    i.SysTick_Handler                        0x08003f38   Section        0  stm32l4xx_it.o(i.SysTick_Handler)
    i.SystemClock_Config                     0x08003f44   Section        0  main.o(i.SystemClock_Config)
    i.SystemInit                             0x08003ff0   Section        0  system_stm32l4xx.o(i.SystemInit)
    i.TIM2_IRQHandler                        0x08004040   Section        0  stm32l4xx_it.o(i.TIM2_IRQHandler)
    i.TIM_Base_SetConfig                     0x08004050   Section        0  stm32l4xx_hal_tim.o(i.TIM_Base_SetConfig)
    i.TIM_ETR_SetConfig                      0x08004110   Section        0  stm32l4xx_hal_tim.o(i.TIM_ETR_SetConfig)
    i.TIM_ITRx_SetConfig                     0x08004128   Section        0  stm32l4xx_hal_tim.o(i.TIM_ITRx_SetConfig)
    TIM_ITRx_SetConfig                       0x08004129   Thumb Code    20  stm32l4xx_hal_tim.o(i.TIM_ITRx_SetConfig)
    i.TIM_TI1_ConfigInputStage               0x0800413c   Section        0  stm32l4xx_hal_tim.o(i.TIM_TI1_ConfigInputStage)
    TIM_TI1_ConfigInputStage                 0x0800413d   Thumb Code    42  stm32l4xx_hal_tim.o(i.TIM_TI1_ConfigInputStage)
    i.TIM_TI2_ConfigInputStage               0x08004166   Section        0  stm32l4xx_hal_tim.o(i.TIM_TI2_ConfigInputStage)
    TIM_TI2_ConfigInputStage                 0x08004167   Thumb Code    44  stm32l4xx_hal_tim.o(i.TIM_TI2_ConfigInputStage)
    i.UART_AdvFeatureConfig                  0x08004192   Section        0  stm32l4xx_hal_uart.o(i.UART_AdvFeatureConfig)
    i.UART_CheckIdleState                    0x0800428a   Section        0  stm32l4xx_hal_uart.o(i.UART_CheckIdleState)
    i.UART_DMAAbortOnError                   0x080042fe   Section        0  stm32l4xx_hal_uart.o(i.UART_DMAAbortOnError)
    UART_DMAAbortOnError                     0x080042ff   Thumb Code    24  stm32l4xx_hal_uart.o(i.UART_DMAAbortOnError)
    i.UART_EndRxTransfer                     0x08004316   Section        0  stm32l4xx_hal_uart.o(i.UART_EndRxTransfer)
    UART_EndRxTransfer                       0x08004317   Thumb Code    32  stm32l4xx_hal_uart.o(i.UART_EndRxTransfer)
    i.UART_EndTransmit_IT                    0x08004336   Section        0  stm32l4xx_hal_uart.o(i.UART_EndTransmit_IT)
    UART_EndTransmit_IT                      0x08004337   Thumb Code    32  stm32l4xx_hal_uart.o(i.UART_EndTransmit_IT)
    i.UART_Receive_IT                        0x08004356   Section        0  stm32l4xx_hal_uart.o(i.UART_Receive_IT)
    UART_Receive_IT                          0x08004357   Thumb Code   138  stm32l4xx_hal_uart.o(i.UART_Receive_IT)
    i.UART_SetConfig                         0x080043e0   Section        0  stm32l4xx_hal_uart.o(i.UART_SetConfig)
    i.UART_Transmit_IT                       0x08004868   Section        0  stm32l4xx_hal_uart.o(i.UART_Transmit_IT)
    UART_Transmit_IT                         0x08004869   Thumb Code   106  stm32l4xx_hal_uart.o(i.UART_Transmit_IT)
    i.UART_WaitOnFlagUntilTimeout            0x080048d2   Section        0  stm32l4xx_hal_uart.o(i.UART_WaitOnFlagUntilTimeout)
    i.USART3_IRQHandler                      0x08004940   Section        0  stm32l4xx_it.o(i.USART3_IRQHandler)
    i.Update_Time                            0x08004950   Section        0  uart_process.o(i.Update_Time)
    i.__0printf$6                            0x08004a58   Section        0  printf6.o(i.__0printf$6)
    i.__0sprintf$6                           0x08004a78   Section        0  printf6.o(i.__0sprintf$6)
    i.__scatterload_copy                     0x08004aa0   Section       14  handlers.o(i.__scatterload_copy)
    i.__scatterload_null                     0x08004aae   Section        2  handlers.o(i.__scatterload_null)
    i.__scatterload_zeroinit                 0x08004ab0   Section       14  handlers.o(i.__scatterload_zeroinit)
    i._printf_core                           0x08004ac0   Section        0  printf6.o(i._printf_core)
    _printf_core                             0x08004ac1   Thumb Code   748  printf6.o(i._printf_core)
    i._printf_post_padding                   0x08004db0   Section        0  printf6.o(i._printf_post_padding)
    _printf_post_padding                     0x08004db1   Thumb Code    36  printf6.o(i._printf_post_padding)
    i._printf_pre_padding                    0x08004dd4   Section        0  printf6.o(i._printf_pre_padding)
    _printf_pre_padding                      0x08004dd5   Thumb Code    46  printf6.o(i._printf_pre_padding)
    i._sputc                                 0x08004e02   Section        0  printf6.o(i._sputc)
    _sputc                                   0x08004e03   Thumb Code    10  printf6.o(i._sputc)
    i.fputc                                  0x08004e0c   Section        0  main.o(i.fputc)
    i.main                                   0x08004e24   Section        0  main.o(i.main)
    i.ssd1306_DrawPixel                      0x08004e98   Section        0  ssd1306.o(i.ssd1306_DrawPixel)
    i.ssd1306_Fill                           0x08004f38   Section        0  ssd1306.o(i.ssd1306_Fill)
    i.ssd1306_Init                           0x08004f58   Section        0  ssd1306.o(i.ssd1306_Init)
    i.ssd1306_SetCursor                      0x08005024   Section        0  ssd1306.o(i.ssd1306_SetCursor)
    i.ssd1306_UpdateScreen                   0x08005030   Section        0  ssd1306.o(i.ssd1306_UpdateScreen)
    i.ssd1306_WriteChar                      0x0800507c   Section        0  ssd1306.o(i.ssd1306_WriteChar)
    i.ssd1306_WriteCommand                   0x0800512c   Section        0  ssd1306.o(i.ssd1306_WriteCommand)
    ssd1306_WriteCommand                     0x0800512d   Thumb Code    32  ssd1306.o(i.ssd1306_WriteCommand)
    i.ssd1306_WriteString                    0x08005150   Section        0  ssd1306.o(i.ssd1306_WriteString)
    .constdata                               0x0800517c   Section    10260  fonts.o(.constdata)
    Font7x10                                 0x0800517c   Data        1900  fonts.o(.constdata)
    Font11x18                                0x080058e8   Data        3420  fonts.o(.constdata)
    Font16x26                                0x08006644   Data        4940  fonts.o(.constdata)
    .constdata                               0x08007990   Section       72  system_stm32l4xx.o(.constdata)
    .conststring                             0x080079d8   Section       76  calender.o(.conststring)
    .data                                    0x20000000   Section        8  main.o(.data)
    .data                                    0x20000008   Section        6  ssd1306.o(.data)
    SSD1306                                  0x20000008   Data           6  ssd1306.o(.data)
    .data                                    0x20000010   Section       24  fonts.o(.data)
    .data                                    0x20000028   Section       84  calender.o(.data)
    .data                                    0x2000007c   Section        4  uart_process.o(.data)
    Rx_Index                                 0x2000007f   Data           1  uart_process.o(.data)
    .data                                    0x20000080   Section       24  pages.o(.data)
    usTick                                   0x20000088   Data           4  pages.o(.data)
    HighCounter                              0x2000008c   Data           4  pages.o(.data)
    LowCounter                               0x20000090   Data           4  pages.o(.data)
    DT_Start                                 0x20000094   Data           4  pages.o(.data)
    .data                                    0x20000098   Section        4  stm32l4xx_hal.o(.data)
    .data                                    0x2000009c   Section        4  system_stm32l4xx.o(.data)
    .data                                    0x200000a0   Section        4  stdout.o(.data)
    .bss                                     0x200000a4   Section      304  main.o(.bss)
    .bss                                     0x200001d4   Section     1024  ssd1306.o(.bss)
    SSD1306_Buffer                           0x200001d4   Data        1024  ssd1306.o(.bss)
    .bss                                     0x200005d4   Section       40  calender.o(.bss)
    .bss                                     0x200005fc   Section       80  uart_process.o(.bss)
    TimeBuffer                               0x2000062e   Data          30  uart_process.o(.bss)
    .bss                                     0x2000064c   Section      416  pages.o(.bss)
    STACK                                    0x200007f0   Section     1024  startup_stm32l476xx.o(STACK)

    Global Symbols

    Symbol Name                              Value     Ov Type        Size  Object(Section)

    BuildAttributes$$THM_ISAv4$E$P$D$K$B$S$7EM$VFPi3$EXTD16$VFPS$VFMA$PE$A:L22UL41UL21$X:L11$S22US41US21$IEEE1$IW$USESV6$~STKCKD$USESV7$~SHL$OSPACE$ROPI$EBA8$MICROLIB$REQ8$PRES8$EABIv2 0x00000000   Number         0  anon$$obj.o ABSOLUTE
    __ARM_use_no_argv                        0x00000000   Number         0  main.o ABSOLUTE
    _printf_a                                0x00000000   Number         0  stubs.o ABSOLUTE
    _printf_c                                0x00000000   Number         0  stubs.o ABSOLUTE
    _printf_charcount                        0x00000000   Number         0  stubs.o ABSOLUTE
    _printf_d                                0x00000000   Number         0  stubs.o ABSOLUTE
    _printf_e                                0x00000000   Number         0  stubs.o ABSOLUTE
    _printf_f                                0x00000000   Number         0  stubs.o ABSOLUTE
    _printf_flags                            0x00000000   Number         0  stubs.o ABSOLUTE
    _printf_fp_dec                           0x00000000   Number         0  stubs.o ABSOLUTE
    _printf_fp_hex                           0x00000000   Number         0  stubs.o ABSOLUTE
    _printf_g                                0x00000000   Number         0  stubs.o ABSOLUTE
    _printf_i                                0x00000000   Number         0  stubs.o ABSOLUTE
    _printf_int_dec                          0x00000000   Number         0  stubs.o ABSOLUTE
    _printf_l                                0x00000000   Number         0  stubs.o ABSOLUTE
    _printf_lc                               0x00000000   Number         0  stubs.o ABSOLUTE
    _printf_ll                               0x00000000   Number         0  stubs.o ABSOLUTE
    _printf_lld                              0x00000000   Number         0  stubs.o ABSOLUTE
    _printf_lli                              0x00000000   Number         0  stubs.o ABSOLUTE
    _printf_llo                              0x00000000   Number         0  stubs.o ABSOLUTE
    _printf_llu                              0x00000000   Number         0  stubs.o ABSOLUTE
    _printf_llx                              0x00000000   Number         0  stubs.o ABSOLUTE
    _printf_longlong_dec                     0x00000000   Number         0  stubs.o ABSOLUTE
    _printf_longlong_hex                     0x00000000   Number         0  stubs.o ABSOLUTE
    _printf_longlong_oct                     0x00000000   Number         0  stubs.o ABSOLUTE
    _printf_ls                               0x00000000   Number         0  stubs.o ABSOLUTE
    _printf_mbtowc                           0x00000000   Number         0  stubs.o ABSOLUTE
    _printf_n                                0x00000000   Number         0  stubs.o ABSOLUTE
    _printf_o                                0x00000000   Number         0  stubs.o ABSOLUTE
    _printf_p                                0x00000000   Number         0  stubs.o ABSOLUTE
    _printf_percent                          0x00000000   Number         0  stubs.o ABSOLUTE
    _printf_pre_padding                      0x00000000   Number         0  stubs.o ABSOLUTE
    _printf_return_value                     0x00000000   Number         0  stubs.o ABSOLUTE
    _printf_s                                0x00000000   Number         0  stubs.o ABSOLUTE
    _printf_sizespec                         0x00000000   Number         0  stubs.o ABSOLUTE
    _printf_str                              0x00000000   Number         0  stubs.o ABSOLUTE
    _printf_truncate_signed                  0x00000000   Number         0  stubs.o ABSOLUTE
    _printf_truncate_unsigned                0x00000000   Number         0  stubs.o ABSOLUTE
    _printf_u                                0x00000000   Number         0  stubs.o ABSOLUTE
    _printf_wc                               0x00000000   Number         0  stubs.o ABSOLUTE
    _printf_wctomb                           0x00000000   Number         0  stubs.o ABSOLUTE
    _printf_widthprec                        0x00000000   Number         0  stubs.o ABSOLUTE
    _printf_x                                0x00000000   Number         0  stubs.o ABSOLUTE
    __cpp_initialize__aeabi_                  - Undefined Weak Reference
    __cxa_finalize                            - Undefined Weak Reference
    __decompress                              - Undefined Weak Reference
    _clock_init                               - Undefined Weak Reference
    _microlib_exit                            - Undefined Weak Reference
    __Vectors_Size                           0x00000188   Number         0  startup_stm32l476xx.o ABSOLUTE
    __Vectors                                0x08000000   Data           4  startup_stm32l476xx.o(RESET)
    __Vectors_End                            0x08000188   Data           0  startup_stm32l476xx.o(RESET)
    __main                                   0x08000189   Thumb Code     0  entry.o(.ARM.Collect$$$$00000000)
    _main_stk                                0x08000189   Thumb Code     0  entry2.o(.ARM.Collect$$$$00000001)
    _main_scatterload                        0x0800018d   Thumb Code     0  entry5.o(.ARM.Collect$$$$00000004)
    __main_after_scatterload                 0x08000191   Thumb Code     0  entry5.o(.ARM.Collect$$$$00000004)
    _main_clock                              0x08000191   Thumb Code     0  entry7b.o(.ARM.Collect$$$$00000008)
    _main_cpp_init                           0x08000191   Thumb Code     0  entry8b.o(.ARM.Collect$$$$0000000A)
    _main_init                               0x08000191   Thumb Code     0  entry9a.o(.ARM.Collect$$$$0000000B)
    __rt_final_cpp                           0x08000199   Thumb Code     0  entry10a.o(.ARM.Collect$$$$0000000D)
    __rt_final_exit                          0x08000199   Thumb Code     0  entry11a.o(.ARM.Collect$$$$0000000F)
    Reset_Handler                            0x0800019d   Thumb Code     8  startup_stm32l476xx.o(.text)
    NMI_Handler                              0x080001a5   Thumb Code     2  startup_stm32l476xx.o(.text)
    HardFault_Handler                        0x080001a7   Thumb Code     2  startup_stm32l476xx.o(.text)
    MemManage_Handler                        0x080001a9   Thumb Code     2  startup_stm32l476xx.o(.text)
    BusFault_Handler                         0x080001ab   Thumb Code     2  startup_stm32l476xx.o(.text)
    UsageFault_Handler                       0x080001ad   Thumb Code     2  startup_stm32l476xx.o(.text)
    SVC_Handler                              0x080001af   Thumb Code     2  startup_stm32l476xx.o(.text)
    DebugMon_Handler                         0x080001b1   Thumb Code     2  startup_stm32l476xx.o(.text)
    PendSV_Handler                           0x080001b3   Thumb Code     2  startup_stm32l476xx.o(.text)
    ADC1_2_IRQHandler                        0x080001b7   Thumb Code     0  startup_stm32l476xx.o(.text)
    ADC3_IRQHandler                          0x080001b7   Thumb Code     0  startup_stm32l476xx.o(.text)
    CAN1_RX0_IRQHandler                      0x080001b7   Thumb Code     0  startup_stm32l476xx.o(.text)
    CAN1_RX1_IRQHandler                      0x080001b7   Thumb Code     0  startup_stm32l476xx.o(.text)
    CAN1_SCE_IRQHandler                      0x080001b7   Thumb Code     0  startup_stm32l476xx.o(.text)
    CAN1_TX_IRQHandler                       0x080001b7   Thumb Code     0  startup_stm32l476xx.o(.text)
    COMP_IRQHandler                          0x080001b7   Thumb Code     0  startup_stm32l476xx.o(.text)
    DFSDM1_FLT0_IRQHandler                   0x080001b7   Thumb Code     0  startup_stm32l476xx.o(.text)
    DFSDM1_FLT1_IRQHandler                   0x080001b7   Thumb Code     0  startup_stm32l476xx.o(.text)
    DFSDM1_FLT2_IRQHandler                   0x080001b7   Thumb Code     0  startup_stm32l476xx.o(.text)
    DFSDM1_FLT3_IRQHandler                   0x080001b7   Thumb Code     0  startup_stm32l476xx.o(.text)
    DMA1_Channel1_IRQHandler                 0x080001b7   Thumb Code     0  startup_stm32l476xx.o(.text)
    DMA1_Channel2_IRQHandler                 0x080001b7   Thumb Code     0  startup_stm32l476xx.o(.text)
    DMA1_Channel3_IRQHandler                 0x080001b7   Thumb Code     0  startup_stm32l476xx.o(.text)
    DMA1_Channel4_IRQHandler                 0x080001b7   Thumb Code     0  startup_stm32l476xx.o(.text)
    DMA1_Channel5_IRQHandler                 0x080001b7   Thumb Code     0  startup_stm32l476xx.o(.text)
    DMA1_Channel6_IRQHandler                 0x080001b7   Thumb Code     0  startup_stm32l476xx.o(.text)
    DMA1_Channel7_IRQHandler                 0x080001b7   Thumb Code     0  startup_stm32l476xx.o(.text)
    DMA2_Channel1_IRQHandler                 0x080001b7   Thumb Code     0  startup_stm32l476xx.o(.text)
    DMA2_Channel2_IRQHandler                 0x080001b7   Thumb Code     0  startup_stm32l476xx.o(.text)
    DMA2_Channel3_IRQHandler                 0x080001b7   Thumb Code     0  startup_stm32l476xx.o(.text)
    DMA2_Channel4_IRQHandler                 0x080001b7   Thumb Code     0  startup_stm32l476xx.o(.text)
    DMA2_Channel5_IRQHandler                 0x080001b7   Thumb Code     0  startup_stm32l476xx.o(.text)
    DMA2_Channel6_IRQHandler                 0x080001b7   Thumb Code     0  startup_stm32l476xx.o(.text)
    DMA2_Channel7_IRQHandler                 0x080001b7   Thumb Code     0  startup_stm32l476xx.o(.text)
    EXTI0_IRQHandler                         0x080001b7   Thumb Code     0  startup_stm32l476xx.o(.text)
    EXTI15_10_IRQHandler                     0x080001b7   Thumb Code     0  startup_stm32l476xx.o(.text)
    EXTI1_IRQHandler                         0x080001b7   Thumb Code     0  startup_stm32l476xx.o(.text)
    EXTI2_IRQHandler                         0x080001b7   Thumb Code     0  startup_stm32l476xx.o(.text)
    EXTI3_IRQHandler                         0x080001b7   Thumb Code     0  startup_stm32l476xx.o(.text)
    EXTI4_IRQHandler                         0x080001b7   Thumb Code     0  startup_stm32l476xx.o(.text)
    EXTI9_5_IRQHandler                       0x080001b7   Thumb Code     0  startup_stm32l476xx.o(.text)
    FLASH_IRQHandler                         0x080001b7   Thumb Code     0  startup_stm32l476xx.o(.text)
    FMC_IRQHandler                           0x080001b7   Thumb Code     0  startup_stm32l476xx.o(.text)
    FPU_IRQHandler                           0x080001b7   Thumb Code     0  startup_stm32l476xx.o(.text)
    I2C1_ER_IRQHandler                       0x080001b7   Thumb Code     0  startup_stm32l476xx.o(.text)
    I2C1_EV_IRQHandler                       0x080001b7   Thumb Code     0  startup_stm32l476xx.o(.text)
    I2C2_ER_IRQHandler                       0x080001b7   Thumb Code     0  startup_stm32l476xx.o(.text)
    I2C2_EV_IRQHandler                       0x080001b7   Thumb Code     0  startup_stm32l476xx.o(.text)
    I2C3_ER_IRQHandler                       0x080001b7   Thumb Code     0  startup_stm32l476xx.o(.text)
    I2C3_EV_IRQHandler                       0x080001b7   Thumb Code     0  startup_stm32l476xx.o(.text)
    LCD_IRQHandler                           0x080001b7   Thumb Code     0  startup_stm32l476xx.o(.text)
    LPTIM1_IRQHandler                        0x080001b7   Thumb Code     0  startup_stm32l476xx.o(.text)
    LPTIM2_IRQHandler                        0x080001b7   Thumb Code     0  startup_stm32l476xx.o(.text)
    LPUART1_IRQHandler                       0x080001b7   Thumb Code     0  startup_stm32l476xx.o(.text)
    OTG_FS_IRQHandler                        0x080001b7   Thumb Code     0  startup_stm32l476xx.o(.text)
    PVD_PVM_IRQHandler                       0x080001b7   Thumb Code     0  startup_stm32l476xx.o(.text)
    QUADSPI_IRQHandler                       0x080001b7   Thumb Code     0  startup_stm32l476xx.o(.text)
    RCC_IRQHandler                           0x080001b7   Thumb Code     0  startup_stm32l476xx.o(.text)
    RNG_IRQHandler                           0x080001b7   Thumb Code     0  startup_stm32l476xx.o(.text)
    RTC_WKUP_IRQHandler                      0x080001b7   Thumb Code     0  startup_stm32l476xx.o(.text)
    SAI1_IRQHandler                          0x080001b7   Thumb Code     0  startup_stm32l476xx.o(.text)
    SAI2_IRQHandler                          0x080001b7   Thumb Code     0  startup_stm32l476xx.o(.text)
    SDMMC1_IRQHandler                        0x080001b7   Thumb Code     0  startup_stm32l476xx.o(.text)
    SPI1_IRQHandler                          0x080001b7   Thumb Code     0  startup_stm32l476xx.o(.text)
    SPI2_IRQHandler                          0x080001b7   Thumb Code     0  startup_stm32l476xx.o(.text)
    SPI3_IRQHandler                          0x080001b7   Thumb Code     0  startup_stm32l476xx.o(.text)
    SWPMI1_IRQHandler                        0x080001b7   Thumb Code     0  startup_stm32l476xx.o(.text)
    TAMP_STAMP_IRQHandler                    0x080001b7   Thumb Code     0  startup_stm32l476xx.o(.text)
    TIM1_BRK_TIM15_IRQHandler                0x080001b7   Thumb Code     0  startup_stm32l476xx.o(.text)
    TIM1_CC_IRQHandler                       0x080001b7   Thumb Code     0  startup_stm32l476xx.o(.text)
    TIM1_TRG_COM_TIM17_IRQHandler            0x080001b7   Thumb Code     0  startup_stm32l476xx.o(.text)
    TIM1_UP_TIM16_IRQHandler                 0x080001b7   Thumb Code     0  startup_stm32l476xx.o(.text)
    TIM3_IRQHandler                          0x080001b7   Thumb Code     0  startup_stm32l476xx.o(.text)
    TIM4_IRQHandler                          0x080001b7   Thumb Code     0  startup_stm32l476xx.o(.text)
    TIM5_IRQHandler                          0x080001b7   Thumb Code     0  startup_stm32l476xx.o(.text)
    TIM6_DAC_IRQHandler                      0x080001b7   Thumb Code     0  startup_stm32l476xx.o(.text)
    TIM7_IRQHandler                          0x080001b7   Thumb Code     0  startup_stm32l476xx.o(.text)
    TIM8_BRK_IRQHandler                      0x080001b7   Thumb Code     0  startup_stm32l476xx.o(.text)
    TIM8_CC_IRQHandler                       0x080001b7   Thumb Code     0  startup_stm32l476xx.o(.text)
    TIM8_TRG_COM_IRQHandler                  0x080001b7   Thumb Code     0  startup_stm32l476xx.o(.text)
    TIM8_UP_IRQHandler                       0x080001b7   Thumb Code     0  startup_stm32l476xx.o(.text)
    TSC_IRQHandler                           0x080001b7   Thumb Code     0  startup_stm32l476xx.o(.text)
    UART4_IRQHandler                         0x080001b7   Thumb Code     0  startup_stm32l476xx.o(.text)
    UART5_IRQHandler                         0x080001b7   Thumb Code     0  startup_stm32l476xx.o(.text)
    USART1_IRQHandler                        0x080001b7   Thumb Code     0  startup_stm32l476xx.o(.text)
    USART2_IRQHandler                        0x080001b7   Thumb Code     0  startup_stm32l476xx.o(.text)
    WWDG_IRQHandler                          0x080001b7   Thumb Code     0  startup_stm32l476xx.o(.text)
    __aeabi_uldivmod                         0x080001c1   Thumb Code    98  uldiv.o(.text)
    __aeabi_memcpy                           0x08000223   Thumb Code    36  memcpya.o(.text)
    __aeabi_memcpy4                          0x08000223   Thumb Code     0  memcpya.o(.text)
    __aeabi_memcpy8                          0x08000223   Thumb Code     0  memcpya.o(.text)
    __aeabi_memset                           0x08000247   Thumb Code    14  memseta.o(.text)
    __aeabi_memset4                          0x08000247   Thumb Code     0  memseta.o(.text)
    __aeabi_memset8                          0x08000247   Thumb Code     0  memseta.o(.text)
    __aeabi_memclr                           0x08000255   Thumb Code     4  memseta.o(.text)
    __aeabi_memclr4                          0x08000255   Thumb Code     0  memseta.o(.text)
    __aeabi_memclr8                          0x08000255   Thumb Code     0  memseta.o(.text)
    _memset$wrapper                          0x08000259   Thumb Code    18  memseta.o(.text)
    strcmp                                   0x0800026b   Thumb Code    28  strcmp.o(.text)
    strcpy                                   0x08000287   Thumb Code    18  strcpy.o(.text)
    __aeabi_uidiv                            0x08000299   Thumb Code     0  uidiv.o(.text)
    __aeabi_uidivmod                         0x08000299   Thumb Code    44  uidiv.o(.text)
    __aeabi_llsl                             0x080002c5   Thumb Code    30  llshl.o(.text)
    _ll_shift_l                              0x080002c5   Thumb Code     0  llshl.o(.text)
    __aeabi_llsr                             0x080002e3   Thumb Code    32  llushr.o(.text)
    _ll_ushift_r                             0x080002e3   Thumb Code     0  llushr.o(.text)
    __scatterload                            0x08000305   Thumb Code    28  init.o(.text)
    __scatterload_rt2                        0x08000305   Thumb Code     0  init.o(.text)
    CheckLimit                               0x08000329   Thumb Code    92  pages.o(i.CheckLimit)
    Error_Handler                            0x08000389   Thumb Code    20  main.o(i.Error_Handler)
    GrabDataFromBuffer                       0x0800039d   Thumb Code    26  uart_process.o(i.GrabDataFromBuffer)
    HAL_DMA_Abort_IT                         0x080003b7   Thumb Code    88  stm32l4xx_hal_dma.o(i.HAL_DMA_Abort_IT)
    HAL_Delay                                0x0800040f   Thumb Code    26  stm32l4xx_hal.o(i.HAL_Delay)
    HAL_GPIO_Init                            0x08000429   Thumb Code   484  stm32l4xx_hal_gpio.o(i.HAL_GPIO_Init)
    HAL_GPIO_ReadPin                         0x08000631   Thumb Code    16  stm32l4xx_hal_gpio.o(i.HAL_GPIO_ReadPin)
    HAL_GPIO_TogglePin                       0x08000641   Thumb Code     8  stm32l4xx_hal_gpio.o(i.HAL_GPIO_TogglePin)
    HAL_GPIO_WritePin                        0x08000649   Thumb Code    10  stm32l4xx_hal_gpio.o(i.HAL_GPIO_WritePin)
    HAL_GetTick                              0x08000655   Thumb Code     6  stm32l4xx_hal.o(i.HAL_GetTick)
    HAL_I2CEx_ConfigAnalogFilter             0x08000661   Thumb Code   106  stm32l4xx_hal_i2c_ex.o(i.HAL_I2CEx_ConfigAnalogFilter)
    HAL_I2C_Init                             0x080006cd   Thumb Code   192  stm32l4xx_hal_i2c.o(i.HAL_I2C_Init)
    HAL_I2C_Mem_Write                        0x08000791   Thumb Code   436  stm32l4xx_hal_i2c.o(i.HAL_I2C_Mem_Write)
    HAL_I2C_MspInit                          0x08000949   Thumb Code    74  stm32l4xx_hal_msp.o(i.HAL_I2C_MspInit)
    HAL_IncTick                              0x080009a1   Thumb Code    12  stm32l4xx_hal.o(i.HAL_IncTick)
    HAL_Init                                 0x080009b1   Thumb Code    34  stm32l4xx_hal.o(i.HAL_Init)
    HAL_InitTick                             0x080009d9   Thumb Code    36  stm32l4xx_hal.o(i.HAL_InitTick)
    HAL_MspInit                              0x08000a01   Thumb Code   140  stm32l4xx_hal_msp.o(i.HAL_MspInit)
    HAL_NVIC_EnableIRQ                       0x08000a91   Thumb Code    26  stm32l4xx_hal_cortex.o(i.HAL_NVIC_EnableIRQ)
    HAL_NVIC_SetPriority                     0x08000aab   Thumb Code   124  stm32l4xx_hal_cortex.o(i.HAL_NVIC_SetPriority)
    HAL_NVIC_SetPriorityGrouping             0x08000b29   Thumb Code    32  stm32l4xx_hal_cortex.o(i.HAL_NVIC_SetPriorityGrouping)
    HAL_PWREx_ControlVoltageScaling          0x08000b51   Thumb Code   128  stm32l4xx_hal_pwr_ex.o(i.HAL_PWREx_ControlVoltageScaling)
    HAL_PWREx_GetVoltageRange                0x08000bdd   Thumb Code    10  stm32l4xx_hal_pwr_ex.o(i.HAL_PWREx_GetVoltageRange)
    HAL_PWR_EnableBkUpAccess                 0x08000bed   Thumb Code    14  stm32l4xx_hal_pwr.o(i.HAL_PWR_EnableBkUpAccess)
    HAL_RCCEx_PeriphCLKConfig                0x08000c01   Thumb Code  1230  stm32l4xx_hal_rcc_ex.o(i.HAL_RCCEx_PeriphCLKConfig)
    HAL_RCC_ClockConfig                      0x080010d5   Thumb Code   470  stm32l4xx_hal_rcc.o(i.HAL_RCC_ClockConfig)
    HAL_RCC_GetHCLKFreq                      0x080012bd   Thumb Code     6  stm32l4xx_hal_rcc.o(i.HAL_RCC_GetHCLKFreq)
    HAL_RCC_GetPCLK1Freq                     0x080012c9   Thumb Code    36  stm32l4xx_hal_rcc.o(i.HAL_RCC_GetPCLK1Freq)
    HAL_RCC_GetPCLK2Freq                     0x080012f5   Thumb Code    36  stm32l4xx_hal_rcc.o(i.HAL_RCC_GetPCLK2Freq)
    HAL_RCC_GetSysClockFreq                  0x08001321   Thumb Code   356  stm32l4xx_hal_rcc.o(i.HAL_RCC_GetSysClockFreq)
    HAL_RCC_OscConfig                        0x08001495   Thumb Code  1598  stm32l4xx_hal_rcc.o(i.HAL_RCC_OscConfig)
    HAL_RTCEx_AlarmBEventCallback            0x08001ae1   Thumb Code     2  stm32l4xx_hal_rtc_ex.o(i.HAL_RTCEx_AlarmBEventCallback)
    HAL_RTCEx_BKUPRead                       0x08001ae3   Thumb Code    18  stm32l4xx_hal_rtc_ex.o(i.HAL_RTCEx_BKUPRead)
    HAL_RTCEx_BKUPWrite                      0x08001af5   Thumb Code    18  stm32l4xx_hal_rtc_ex.o(i.HAL_RTCEx_BKUPWrite)
    HAL_RTC_AlarmAEventCallback              0x08001b09   Thumb Code    26  calender.o(i.HAL_RTC_AlarmAEventCallback)
    HAL_RTC_AlarmIRQHandler                  0x08001b35   Thumb Code   150  stm32l4xx_hal_rtc.o(i.HAL_RTC_AlarmIRQHandler)
    HAL_RTC_GetDate                          0x08001bd1   Thumb Code    72  stm32l4xx_hal_rtc.o(i.HAL_RTC_GetDate)
    HAL_RTC_GetTime                          0x08001c1d   Thumb Code    92  stm32l4xx_hal_rtc.o(i.HAL_RTC_GetTime)
    HAL_RTC_Init                             0x08001c7d   Thumb Code   190  stm32l4xx_hal_rtc.o(i.HAL_RTC_Init)
    HAL_RTC_MspInit                          0x08001d41   Thumb Code    46  stm32l4xx_hal_msp.o(i.HAL_RTC_MspInit)
    HAL_RTC_SetAlarm_IT                      0x08001d79   Thumb Code   566  stm32l4xx_hal_rtc.o(i.HAL_RTC_SetAlarm_IT)
    HAL_RTC_SetDate                          0x08001fb5   Thumb Code   288  stm32l4xx_hal_rtc.o(i.HAL_RTC_SetDate)
    HAL_RTC_SetTime                          0x080020d9   Thumb Code   322  stm32l4xx_hal_rtc.o(i.HAL_RTC_SetTime)
    HAL_RTC_WaitForSynchro                   0x08002221   Thumb Code    58  stm32l4xx_hal_rtc.o(i.HAL_RTC_WaitForSynchro)
    HAL_SYSTICK_CLKSourceConfig              0x0800225b   Thumb Code    40  stm32l4xx_hal_cortex.o(i.HAL_SYSTICK_CLKSourceConfig)
    HAL_SYSTICK_Callback                     0x08002283   Thumb Code     2  stm32l4xx_hal_cortex.o(i.HAL_SYSTICK_Callback)
    HAL_SYSTICK_Config                       0x08002285   Thumb Code    52  stm32l4xx_hal_cortex.o(i.HAL_SYSTICK_Config)
    HAL_SYSTICK_IRQHandler                   0x080022b9   Thumb Code     8  stm32l4xx_hal_cortex.o(i.HAL_SYSTICK_IRQHandler)
    HAL_TIMEx_BreakCallback                  0x080022c1   Thumb Code     2  stm32l4xx_hal_tim_ex.o(i.HAL_TIMEx_BreakCallback)
    HAL_TIMEx_CommutationCallback            0x080022c3   Thumb Code     2  stm32l4xx_hal_tim_ex.o(i.HAL_TIMEx_CommutationCallback)
    HAL_TIMEx_MasterConfigSynchronization    0x080022c5   Thumb Code    98  stm32l4xx_hal_tim_ex.o(i.HAL_TIMEx_MasterConfigSynchronization)
    HAL_TIM_Base_Init                        0x08002331   Thumb Code    52  stm32l4xx_hal_tim.o(i.HAL_TIM_Base_Init)
    HAL_TIM_Base_MspInit                     0x08002365   Thumb Code    58  stm32l4xx_hal_msp.o(i.HAL_TIM_Base_MspInit)
    HAL_TIM_Base_Start_IT                    0x080023a5   Thumb Code    30  stm32l4xx_hal_tim.o(i.HAL_TIM_Base_Start_IT)
    HAL_TIM_ConfigClockSource                0x080023c5   Thumb Code   308  stm32l4xx_hal_tim.o(i.HAL_TIM_ConfigClockSource)
    HAL_TIM_IC_CaptureCallback               0x080024fd   Thumb Code     2  stm32l4xx_hal_tim.o(i.HAL_TIM_IC_CaptureCallback)
    HAL_TIM_IRQHandler                       0x080024ff   Thumb Code   406  stm32l4xx_hal_tim.o(i.HAL_TIM_IRQHandler)
    HAL_TIM_OC_DelayElapsedCallback          0x08002695   Thumb Code     2  stm32l4xx_hal_tim.o(i.HAL_TIM_OC_DelayElapsedCallback)
    HAL_TIM_PWM_PulseFinishedCallback        0x08002697   Thumb Code     2  stm32l4xx_hal_tim.o(i.HAL_TIM_PWM_PulseFinishedCallback)
    HAL_TIM_PeriodElapsedCallback            0x08002699   Thumb Code   162  pages.o(i.HAL_TIM_PeriodElapsedCallback)
    HAL_TIM_TriggerCallback                  0x08002755   Thumb Code     2  stm32l4xx_hal_tim.o(i.HAL_TIM_TriggerCallback)
    HAL_UARTEx_WakeupCallback                0x08002757   Thumb Code     2  stm32l4xx_hal_uart_ex.o(i.HAL_UARTEx_WakeupCallback)
    HAL_UART_ErrorCallback                   0x08002759   Thumb Code     2  stm32l4xx_hal_uart.o(i.HAL_UART_ErrorCallback)
    HAL_UART_IRQHandler                      0x0800275d   Thumb Code   394  stm32l4xx_hal_uart.o(i.HAL_UART_IRQHandler)
    HAL_UART_Init                            0x080028ed   Thumb Code   120  stm32l4xx_hal_uart.o(i.HAL_UART_Init)
    HAL_UART_MspInit                         0x08002965   Thumb Code    90  stm32l4xx_hal_msp.o(i.HAL_UART_MspInit)
    HAL_UART_Receive_IT                      0x080029cd   Thumb Code   188  stm32l4xx_hal_uart.o(i.HAL_UART_Receive_IT)
    HAL_UART_RxCpltCallback                  0x08002a89   Thumb Code   102  uart_process.o(i.HAL_UART_RxCpltCallback)
    HAL_UART_Transmit                        0x08002b09   Thumb Code   198  stm32l4xx_hal_uart.o(i.HAL_UART_Transmit)
    HAL_UART_TxCpltCallback                  0x08002bcf   Thumb Code     2  stm32l4xx_hal_uart.o(i.HAL_UART_TxCpltCallback)
    Indicate_Parameter                       0x08002e49   Thumb Code   280  pages.o(i.Indicate_Parameter)
    Init_RTC                                 0x08002f65   Thumb Code    44  calender.o(i.Init_RTC)
    Main_Page_Process                        0x0800314d   Thumb Code    86  pages.o(i.Main_Page_Process)
    PageScreen_1                             0x080031e5   Thumb Code   108  pages.o(i.PageScreen_1)
    PageScreen_2                             0x08003271   Thumb Code   216  pages.o(i.PageScreen_2)
    PageScreen_3                             0x08003361   Thumb Code   236  pages.o(i.PageScreen_3)
    Proceed_Commands                         0x0800347d   Thumb Code    70  uart_process.o(i.Proceed_Commands)
    RTC_Alarm_IRQHandler                     0x0800392d   Thumb Code    10  stm32l4xx_it.o(i.RTC_Alarm_IRQHandler)
    RTC_Bcd2ToByte                           0x0800393d   Thumb Code    22  stm32l4xx_hal_rtc.o(i.RTC_Bcd2ToByte)
    RTC_ByteToBcd2                           0x08003953   Thumb Code    26  stm32l4xx_hal_rtc.o(i.RTC_ByteToBcd2)
    RTC_DateShow                             0x0800396d   Thumb Code    92  calender.o(i.RTC_DateShow)
    RTC_EnterInitMode                        0x080039ed   Thumb Code    62  stm32l4xx_hal_rtc.o(i.RTC_EnterInitMode)
    RTC_TimeShow                             0x08003a2d   Thumb Code    60  calender.o(i.RTC_TimeShow)
    SSD1306_DrawLine                         0x08003a85   Thumb Code   330  ssd1306.o(i.SSD1306_DrawLine)
    Set_Alarm                                0x08003bd1   Thumb Code    66  calender.o(i.Set_Alarm)
    ShowAlarm                                0x08003c1d   Thumb Code   112  pages.o(i.ShowAlarm)
    StartRTC_Routine                         0x08003cc5   Thumb Code   360  calender.o(i.StartRTC_Routine)
    SubPage_1                                0x08003e3d   Thumb Code    78  pages.o(i.SubPage_1)
    SubPage_2                                0x08003ea1   Thumb Code    78  pages.o(i.SubPage_2)
    SubPage_3                                0x08003f05   Thumb Code     2  pages.o(i.SubPage_3)
    Sub_Page_Process                         0x08003f09   Thumb Code    44  pages.o(i.Sub_Page_Process)
    SysTick_Handler                          0x08003f39   Thumb Code    12  stm32l4xx_it.o(i.SysTick_Handler)
    SystemClock_Config                       0x08003f45   Thumb Code   168  main.o(i.SystemClock_Config)
    SystemInit                               0x08003ff1   Thumb Code    68  system_stm32l4xx.o(i.SystemInit)
    TIM2_IRQHandler                          0x08004041   Thumb Code    10  stm32l4xx_it.o(i.TIM2_IRQHandler)
    TIM_Base_SetConfig                       0x08004051   Thumb Code   160  stm32l4xx_hal_tim.o(i.TIM_Base_SetConfig)
    TIM_ETR_SetConfig                        0x08004111   Thumb Code    24  stm32l4xx_hal_tim.o(i.TIM_ETR_SetConfig)
    UART_AdvFeatureConfig                    0x08004193   Thumb Code   248  stm32l4xx_hal_uart.o(i.UART_AdvFeatureConfig)
    UART_CheckIdleState                      0x0800428b   Thumb Code   116  stm32l4xx_hal_uart.o(i.UART_CheckIdleState)
    UART_SetConfig                           0x080043e1   Thumb Code  1156  stm32l4xx_hal_uart.o(i.UART_SetConfig)
    UART_WaitOnFlagUntilTimeout              0x080048d3   Thumb Code   108  stm32l4xx_hal_uart.o(i.UART_WaitOnFlagUntilTimeout)
    USART3_IRQHandler                        0x08004941   Thumb Code    10  stm32l4xx_it.o(i.USART3_IRQHandler)
    Update_Time                              0x08004951   Thumb Code   236  uart_process.o(i.Update_Time)
    __0printf$6                              0x08004a59   Thumb Code    22  printf6.o(i.__0printf$6)
    __1printf$6                              0x08004a59   Thumb Code     0  printf6.o(i.__0printf$6)
    __2printf                                0x08004a59   Thumb Code     0  printf6.o(i.__0printf$6)
    __0sprintf$6                             0x08004a79   Thumb Code    34  printf6.o(i.__0sprintf$6)
    __1sprintf$6                             0x08004a79   Thumb Code     0  printf6.o(i.__0sprintf$6)
    __2sprintf                               0x08004a79   Thumb Code     0  printf6.o(i.__0sprintf$6)
    __scatterload_copy                       0x08004aa1   Thumb Code    14  handlers.o(i.__scatterload_copy)
    __scatterload_null                       0x08004aaf   Thumb Code     2  handlers.o(i.__scatterload_null)
    __scatterload_zeroinit                   0x08004ab1   Thumb Code    14  handlers.o(i.__scatterload_zeroinit)
    fputc                                    0x08004e0d   Thumb Code    20  main.o(i.fputc)
    main                                     0x08004e25   Thumb Code   100  main.o(i.main)
    ssd1306_DrawPixel                        0x08004e99   Thumb Code   152  ssd1306.o(i.ssd1306_DrawPixel)
    ssd1306_Fill                             0x08004f39   Thumb Code    28  ssd1306.o(i.ssd1306_Fill)
    ssd1306_Init                             0x08004f59   Thumb Code   200  ssd1306.o(i.ssd1306_Init)
    ssd1306_SetCursor                        0x08005025   Thumb Code     8  ssd1306.o(i.ssd1306_SetCursor)
    ssd1306_UpdateScreen                     0x08005031   Thumb Code    66  ssd1306.o(i.ssd1306_UpdateScreen)
    ssd1306_WriteChar                        0x0800507d   Thumb Code   172  ssd1306.o(i.ssd1306_WriteChar)
    ssd1306_WriteString                      0x08005151   Thumb Code    44  ssd1306.o(i.ssd1306_WriteString)
    AHBPrescTable                            0x08007990   Data          16  system_stm32l4xx.o(.constdata)
    APBPrescTable                            0x080079a0   Data           8  system_stm32l4xx.o(.constdata)
    MSIRangeTable                            0x080079a8   Data          48  system_stm32l4xx.o(.constdata)
    Region$$Table$$Base                      0x08007a24   Number         0  anon$$obj.o(Region$$Table)
    Region$$Table$$Limit                     0x08007a44   Number         0  anon$$obj.o(Region$$Table)
    MyFlag                                   0x20000000   Data           4  main.o(.data)
    sdatestructureget                        0x20000004   Data           4  main.o(.data)
    Font_7x10                                0x20000010   Data           8  fonts.o(.data)
    Font_11x18                               0x20000018   Data           8  fonts.o(.data)
    Font_16x26                               0x20000020   Data           8  fonts.o(.data)
    RTC_Day                                  0x20000028   Data           7  calender.o(.data)
    Days                                     0x20000030   Data          28  calender.o(.data)
    Month                                    0x2000004c   Data          48  calender.o(.data)
    Rx_data                                  0x2000007c   Data           2  uart_process.o(.data)
    UartBufferComplete_Flag                  0x2000007e   Data           1  uart_process.o(.data)
    Enable_Alarm_Flag                        0x20000080   Data           1  pages.o(.data)
    Disable_Alarm_Flag                       0x20000081   Data           1  pages.o(.data)
    ButtonState                              0x20000082   Data           1  pages.o(.data)
    PageState                                0x20000083   Data           5  pages.o(.data)
    uwTick                                   0x20000098   Data           4  stm32l4xx_hal.o(.data)
    SystemCoreClock                          0x2000009c   Data           4  system_stm32l4xx.o(.data)
    __stdout                                 0x200000a0   Data           4  stdout.o(.data)
    hi2c1                                    0x200000a4   Data          76  main.o(.bss)
    hrtc                                     0x200000f0   Data          36  main.o(.bss)
    htim2                                    0x20000114   Data          60  main.o(.bss)
    huart3                                   0x20000150   Data         112  main.o(.bss)
    stimestructureget                        0x200001c0   Data          20  main.o(.bss)
    sAlarm                                   0x200005d4   Data          40  calender.o(.bss)
    Rx_Buffer                                0x200005fc   Data          50  uart_process.o(.bss)
    page                                     0x2000064c   Data         416  pages.o(.bss)
    __initial_sp                             0x20000bf0   Data           0  startup_stm32l476xx.o(STACK)



==============================================================================

Memory Map of the image

  Image Entry point : 0x08000189

  Load Region LR_IROM1 (Base: 0x08000000, Size: 0x00007ae8, Max: 0x00100000, ABSOLUTE)

    Execution Region ER_IROM1 (Base: 0x08000000, Size: 0x00007a44, Max: 0x00100000, ABSOLUTE)

    Base Addr    Size         Type   Attr      Idx    E Section Name        Object

    0x08000000   0x00000188   Data   RO            3    RESET               startup_stm32l476xx.o
    0x08000188   0x00000000   Code   RO         4205  * .ARM.Collect$$$$00000000  mc_w.l(entry.o)
    0x08000188   0x00000004   Code   RO         4481    .ARM.Collect$$$$00000001  mc_w.l(entry2.o)
    0x0800018c   0x00000004   Code   RO         4484    .ARM.Collect$$$$00000004  mc_w.l(entry5.o)
    0x08000190   0x00000000   Code   RO         4486    .ARM.Collect$$$$00000008  mc_w.l(entry7b.o)
    0x08000190   0x00000000   Code   RO         4488    .ARM.Collect$$$$0000000A  mc_w.l(entry8b.o)
    0x08000190   0x00000008   Code   RO         4489    .ARM.Collect$$$$0000000B  mc_w.l(entry9a.o)
    0x08000198   0x00000000   Code   RO         4491    .ARM.Collect$$$$0000000D  mc_w.l(entry10a.o)
    0x08000198   0x00000000   Code   RO         4493    .ARM.Collect$$$$0000000F  mc_w.l(entry11a.o)
    0x08000198   0x00000004   Code   RO         4482    .ARM.Collect$$$$00002712  mc_w.l(entry2.o)
    0x0800019c   0x00000024   Code   RO            4    .text               startup_stm32l476xx.o
    0x080001c0   0x00000062   Code   RO         4208    .text               mc_w.l(uldiv.o)
    0x08000222   0x00000024   Code   RO         4210    .text               mc_w.l(memcpya.o)
    0x08000246   0x00000024   Code   RO         4212    .text               mc_w.l(memseta.o)
    0x0800026a   0x0000001c   Code   RO         4214    .text               mc_w.l(strcmp.o)
    0x08000286   0x00000012   Code   RO         4216    .text               mc_w.l(strcpy.o)
    0x08000298   0x0000002c   Code   RO         4496    .text               mc_w.l(uidiv.o)
    0x080002c4   0x0000001e   Code   RO         4498    .text               mc_w.l(llshl.o)
    0x080002e2   0x00000020   Code   RO         4500    .text               mc_w.l(llushr.o)
    0x08000302   0x00000002   PAD
    0x08000304   0x00000024   Code   RO         4513    .text               mc_w.l(init.o)
    0x08000328   0x00000060   Code   RO          576    i.CheckLimit        pages.o
    0x08000388   0x00000014   Code   RO          166    i.Error_Handler     main.o
    0x0800039c   0x0000001a   Code   RO          519    i.GrabDataFromBuffer  uart_process.o
    0x080003b6   0x00000058   Code   RO         2284    i.HAL_DMA_Abort_IT  stm32l4xx_hal_dma.o
    0x0800040e   0x0000001a   Code   RO         1900    i.HAL_Delay         stm32l4xx_hal.o
    0x08000428   0x00000208   Code   RO         2219    i.HAL_GPIO_Init     stm32l4xx_hal_gpio.o
    0x08000630   0x00000010   Code   RO         2221    i.HAL_GPIO_ReadPin  stm32l4xx_hal_gpio.o
    0x08000640   0x00000008   Code   RO         2222    i.HAL_GPIO_TogglePin  stm32l4xx_hal_gpio.o
    0x08000648   0x0000000a   Code   RO         2223    i.HAL_GPIO_WritePin  stm32l4xx_hal_gpio.o
    0x08000652   0x00000002   PAD
    0x08000654   0x0000000c   Code   RO         1904    i.HAL_GetTick       stm32l4xx_hal.o
    0x08000660   0x0000006a   Code   RO         1703    i.HAL_I2CEx_ConfigAnalogFilter  stm32l4xx_hal_i2c_ex.o
    0x080006ca   0x00000002   PAD
    0x080006cc   0x000000c4   Code   RO         1286    i.HAL_I2C_Init      stm32l4xx_hal_i2c.o
    0x08000790   0x000001b8   Code   RO         1305    i.HAL_I2C_Mem_Write  stm32l4xx_hal_i2c.o
    0x08000948   0x00000058   Code   RO          259    i.HAL_I2C_MspInit   stm32l4xx_hal_msp.o
    0x080009a0   0x00000010   Code   RO         1905    i.HAL_IncTick       stm32l4xx_hal.o
    0x080009b0   0x00000028   Code   RO         1906    i.HAL_Init          stm32l4xx_hal.o
    0x080009d8   0x00000028   Code   RO         1907    i.HAL_InitTick      stm32l4xx_hal.o
    0x08000a00   0x00000090   Code   RO          260    i.HAL_MspInit       stm32l4xx_hal_msp.o
    0x08000a90   0x0000001a   Code   RO         2091    i.HAL_NVIC_EnableIRQ  stm32l4xx_hal_cortex.o
    0x08000aaa   0x0000007c   Code   RO         2097    i.HAL_NVIC_SetPriority  stm32l4xx_hal_cortex.o
    0x08000b26   0x00000002   PAD
    0x08000b28   0x00000028   Code   RO         2098    i.HAL_NVIC_SetPriorityGrouping  stm32l4xx_hal_cortex.o
    0x08000b50   0x0000008c   Code   RO          679    i.HAL_PWREx_ControlVoltageScaling  stm32l4xx_hal_pwr_ex.o
    0x08000bdc   0x00000010   Code   RO          710    i.HAL_PWREx_GetVoltageRange  stm32l4xx_hal_pwr_ex.o
    0x08000bec   0x00000014   Code   RO         2624    i.HAL_PWR_EnableBkUpAccess  stm32l4xx_hal_pwr.o
    0x08000c00   0x000004d4   Code   RO         1772    i.HAL_RCCEx_PeriphCLKConfig  stm32l4xx_hal_rcc_ex.o
    0x080010d4   0x000001e8   Code   RO         2378    i.HAL_RCC_ClockConfig  stm32l4xx_hal_rcc.o
    0x080012bc   0x0000000c   Code   RO         2382    i.HAL_RCC_GetHCLKFreq  stm32l4xx_hal_rcc.o
    0x080012c8   0x0000002c   Code   RO         2384    i.HAL_RCC_GetPCLK1Freq  stm32l4xx_hal_rcc.o
    0x080012f4   0x0000002c   Code   RO         2385    i.HAL_RCC_GetPCLK2Freq  stm32l4xx_hal_rcc.o
    0x08001320   0x00000174   Code   RO         2386    i.HAL_RCC_GetSysClockFreq  stm32l4xx_hal_rcc.o
    0x08001494   0x0000064c   Code   RO         2389    i.HAL_RCC_OscConfig  stm32l4xx_hal_rcc.o
    0x08001ae0   0x00000002   Code   RO         3521    i.HAL_RTCEx_AlarmBEventCallback  stm32l4xx_hal_rtc_ex.o
    0x08001ae2   0x00000012   Code   RO         3522    i.HAL_RTCEx_BKUPRead  stm32l4xx_hal_rtc_ex.o
    0x08001af4   0x00000012   Code   RO         3523    i.HAL_RTCEx_BKUPWrite  stm32l4xx_hal_rtc_ex.o
    0x08001b06   0x00000002   PAD
    0x08001b08   0x0000002c   Code   RO          444    i.HAL_RTC_AlarmAEventCallback  calender.o
    0x08001b34   0x0000009c   Code   RO         3384    i.HAL_RTC_AlarmIRQHandler  stm32l4xx_hal_rtc.o
    0x08001bd0   0x0000004c   Code   RO         3388    i.HAL_RTC_GetDate   stm32l4xx_hal_rtc.o
    0x08001c1c   0x00000060   Code   RO         3390    i.HAL_RTC_GetTime   stm32l4xx_hal_rtc.o
    0x08001c7c   0x000000c4   Code   RO         3391    i.HAL_RTC_Init      stm32l4xx_hal_rtc.o
    0x08001d40   0x00000038   Code   RO          262    i.HAL_RTC_MspInit   stm32l4xx_hal_msp.o
    0x08001d78   0x0000023c   Code   RO         3396    i.HAL_RTC_SetAlarm_IT  stm32l4xx_hal_rtc.o
    0x08001fb4   0x00000124   Code   RO         3397    i.HAL_RTC_SetDate   stm32l4xx_hal_rtc.o
    0x080020d8   0x00000148   Code   RO         3398    i.HAL_RTC_SetTime   stm32l4xx_hal_rtc.o
    0x08002220   0x0000003a   Code   RO         3399    i.HAL_RTC_WaitForSynchro  stm32l4xx_hal_rtc.o
    0x0800225a   0x00000028   Code   RO         2100    i.HAL_SYSTICK_CLKSourceConfig  stm32l4xx_hal_cortex.o
    0x08002282   0x00000002   Code   RO         2101    i.HAL_SYSTICK_Callback  stm32l4xx_hal_cortex.o
    0x08002284   0x00000034   Code   RO         2102    i.HAL_SYSTICK_Config  stm32l4xx_hal_cortex.o
    0x080022b8   0x00000008   Code   RO         2103    i.HAL_SYSTICK_IRQHandler  stm32l4xx_hal_cortex.o
    0x080022c0   0x00000002   Code   RO          924    i.HAL_TIMEx_BreakCallback  stm32l4xx_hal_tim_ex.o
    0x080022c2   0x00000002   Code   RO          925    i.HAL_TIMEx_CommutationCallback  stm32l4xx_hal_tim_ex.o
    0x080022c4   0x0000006c   Code   RO          943    i.HAL_TIMEx_MasterConfigSynchronization  stm32l4xx_hal_tim_ex.o
    0x08002330   0x00000034   Code   RO         2733    i.HAL_TIM_Base_Init  stm32l4xx_hal_tim.o
    0x08002364   0x00000040   Code   RO          264    i.HAL_TIM_Base_MspInit  stm32l4xx_hal_msp.o
    0x080023a4   0x0000001e   Code   RO         2738    i.HAL_TIM_Base_Start_IT  stm32l4xx_hal_tim.o
    0x080023c2   0x00000002   PAD
    0x080023c4   0x00000138   Code   RO         2742    i.HAL_TIM_ConfigClockSource  stm32l4xx_hal_tim.o
    0x080024fc   0x00000002   Code   RO         2762    i.HAL_TIM_IC_CaptureCallback  stm32l4xx_hal_tim.o
    0x080024fe   0x00000196   Code   RO         2775    i.HAL_TIM_IRQHandler  stm32l4xx_hal_tim.o
    0x08002694   0x00000002   Code   RO         2778    i.HAL_TIM_OC_DelayElapsedCallback  stm32l4xx_hal_tim.o
    0x08002696   0x00000002   Code   RO         2805    i.HAL_TIM_PWM_PulseFinishedCallback  stm32l4xx_hal_tim.o
    0x08002698   0x000000bc   Code   RO          577    i.HAL_TIM_PeriodElapsedCallback  pages.o
    0x08002754   0x00000002   Code   RO         2816    i.HAL_TIM_TriggerCallback  stm32l4xx_hal_tim.o
    0x08002756   0x00000002   Code   RO         3766    i.HAL_UARTEx_WakeupCallback  stm32l4xx_hal_uart_ex.o
    0x08002758   0x00000002   Code   RO         3842    i.HAL_UART_ErrorCallback  stm32l4xx_hal_uart.o
    0x0800275a   0x00000002   PAD
    0x0800275c   0x00000190   Code   RO         3845    i.HAL_UART_IRQHandler  stm32l4xx_hal_uart.o
    0x080028ec   0x00000078   Code   RO         3846    i.HAL_UART_Init     stm32l4xx_hal_uart.o
    0x08002964   0x00000068   Code   RO          266    i.HAL_UART_MspInit  stm32l4xx_hal_msp.o
    0x080029cc   0x000000bc   Code   RO         3851    i.HAL_UART_Receive_IT  stm32l4xx_hal_uart.o
    0x08002a88   0x00000080   Code   RO          520    i.HAL_UART_RxCpltCallback  uart_process.o
    0x08002b08   0x000000c6   Code   RO         3854    i.HAL_UART_Transmit  stm32l4xx_hal_uart.o
    0x08002bce   0x00000002   Code   RO         3857    i.HAL_UART_TxCpltCallback  stm32l4xx_hal_uart.o
    0x08002bd0   0x00000028   Code   RO         1328    i.I2C_Flush_TXDR    stm32l4xx_hal_i2c.o
    0x08002bf8   0x0000008c   Code   RO         1336    i.I2C_IsAcknowledgeFailed  stm32l4xx_hal_i2c.o
    0x08002c84   0x0000008c   Code   RO         1340    i.I2C_RequestMemoryWrite  stm32l4xx_hal_i2c.o
    0x08002d10   0x00000030   Code   RO         1343    i.I2C_TransferConfig  stm32l4xx_hal_i2c.o
    0x08002d40   0x00000056   Code   RO         1344    i.I2C_WaitOnFlagUntilTimeout  stm32l4xx_hal_i2c.o
    0x08002d96   0x00000056   Code   RO         1346    i.I2C_WaitOnSTOPFlagUntilTimeout  stm32l4xx_hal_i2c.o
    0x08002dec   0x0000005a   Code   RO         1347    i.I2C_WaitOnTXISFlagUntilTimeout  stm32l4xx_hal_i2c.o
    0x08002e46   0x00000002   PAD
    0x08002e48   0x0000011c   Code   RO          578    i.Indicate_Parameter  pages.o
    0x08002f64   0x00000034   Code   RO          445    i.Init_RTC          calender.o
    0x08002f98   0x000000d0   Code   RO          167    i.MX_GPIO_Init      main.o
    0x08003068   0x00000048   Code   RO          168    i.MX_I2C1_Init      main.o
    0x080030b0   0x0000005c   Code   RO          169    i.MX_TIM2_Init      main.o
    0x0800310c   0x00000040   Code   RO          170    i.MX_USART3_UART_Init  main.o
    0x0800314c   0x00000060   Code   RO          579    i.Main_Page_Process  pages.o
    0x080031ac   0x00000010   Code   RO         2104    i.NVIC_GetPriorityGrouping  stm32l4xx_hal_cortex.o
    0x080031bc   0x00000028   Code   RO         2105    i.NVIC_SetPriority  stm32l4xx_hal_cortex.o
    0x080031e4   0x0000008c   Code   RO          580    i.PageScreen_1      pages.o
    0x08003270   0x000000f0   Code   RO          581    i.PageScreen_2      pages.o
    0x08003360   0x0000011c   Code   RO          582    i.PageScreen_3      pages.o
    0x0800347c   0x00000078   Code   RO          521    i.Proceed_Commands  uart_process.o
    0x080034f4   0x000001ec   Code   RO         1775    i.RCCEx_PLLSAI1_Config  stm32l4xx_hal_rcc_ex.o
    0x080036e0   0x000001ac   Code   RO         1776    i.RCCEx_PLLSAI2_Config  stm32l4xx_hal_rcc_ex.o
    0x0800388c   0x000000a0   Code   RO         2390    i.RCC_SetFlashLatencyFromMSIRange  stm32l4xx_hal_rcc.o
    0x0800392c   0x00000010   Code   RO           13    i.RTC_Alarm_IRQHandler  stm32l4xx_it.o
    0x0800393c   0x00000016   Code   RO         3400    i.RTC_Bcd2ToByte    stm32l4xx_hal_rtc.o
    0x08003952   0x0000001a   Code   RO         3401    i.RTC_ByteToBcd2    stm32l4xx_hal_rtc.o
    0x0800396c   0x00000080   Code   RO          446    i.RTC_DateShow      calender.o
    0x080039ec   0x0000003e   Code   RO         3402    i.RTC_EnterInitMode  stm32l4xx_hal_rtc.o
    0x08003a2a   0x00000002   PAD
    0x08003a2c   0x00000058   Code   RO          447    i.RTC_TimeShow      calender.o
    0x08003a84   0x0000014a   Code   RO          330    i.SSD1306_DrawLine  ssd1306.o
    0x08003bce   0x00000002   PAD
    0x08003bd0   0x0000004c   Code   RO          448    i.Set_Alarm         calender.o
    0x08003c1c   0x000000a8   Code   RO          583    i.ShowAlarm         pages.o
    0x08003cc4   0x00000178   Code   RO          449    i.StartRTC_Routine  calender.o
    0x08003e3c   0x00000064   Code   RO          584    i.SubPage_1         pages.o
    0x08003ea0   0x00000064   Code   RO          585    i.SubPage_2         pages.o
    0x08003f04   0x00000002   Code   RO          586    i.SubPage_3         pages.o
    0x08003f06   0x00000002   PAD
    0x08003f08   0x00000030   Code   RO          587    i.Sub_Page_Process  pages.o
    0x08003f38   0x0000000c   Code   RO           14    i.SysTick_Handler   stm32l4xx_it.o
    0x08003f44   0x000000ac   Code   RO          171    i.SystemClock_Config  main.o
    0x08003ff0   0x00000050   Code   RO         4172    i.SystemInit        system_stm32l4xx.o
    0x08004040   0x00000010   Code   RO           15    i.TIM2_IRQHandler   stm32l4xx_it.o
    0x08004050   0x000000c0   Code   RO         2817    i.TIM_Base_SetConfig  stm32l4xx_hal_tim.o
    0x08004110   0x00000018   Code   RO         2824    i.TIM_ETR_SetConfig  stm32l4xx_hal_tim.o
    0x08004128   0x00000014   Code   RO         2825    i.TIM_ITRx_SetConfig  stm32l4xx_hal_tim.o
    0x0800413c   0x0000002a   Code   RO         2833    i.TIM_TI1_ConfigInputStage  stm32l4xx_hal_tim.o
    0x08004166   0x0000002c   Code   RO         2835    i.TIM_TI2_ConfigInputStage  stm32l4xx_hal_tim.o
    0x08004192   0x000000f8   Code   RO         3859    i.UART_AdvFeatureConfig  stm32l4xx_hal_uart.o
    0x0800428a   0x00000074   Code   RO         3860    i.UART_CheckIdleState  stm32l4xx_hal_uart.o
    0x080042fe   0x00000018   Code   RO         3861    i.UART_DMAAbortOnError  stm32l4xx_hal_uart.o
    0x08004316   0x00000020   Code   RO         3871    i.UART_EndRxTransfer  stm32l4xx_hal_uart.o
    0x08004336   0x00000020   Code   RO         3872    i.UART_EndTransmit_IT  stm32l4xx_hal_uart.o
    0x08004356   0x0000008a   Code   RO         3874    i.UART_Receive_IT   stm32l4xx_hal_uart.o
    0x080043e0   0x00000488   Code   RO         3875    i.UART_SetConfig    stm32l4xx_hal_uart.o
    0x08004868   0x0000006a   Code   RO         3876    i.UART_Transmit_IT  stm32l4xx_hal_uart.o
    0x080048d2   0x0000006c   Code   RO         3877    i.UART_WaitOnFlagUntilTimeout  stm32l4xx_hal_uart.o
    0x0800493e   0x00000002   PAD
    0x08004940   0x00000010   Code   RO           16    i.USART3_IRQHandler  stm32l4xx_it.o
    0x08004950   0x00000108   Code   RO          522    i.Update_Time       uart_process.o
    0x08004a58   0x00000020   Code   RO         4375    i.__0printf$6       mc_w.l(printf6.o)
    0x08004a78   0x00000028   Code   RO         4377    i.__0sprintf$6      mc_w.l(printf6.o)
    0x08004aa0   0x0000000e   Code   RO         4521    i.__scatterload_copy  mc_w.l(handlers.o)
    0x08004aae   0x00000002   Code   RO         4522    i.__scatterload_null  mc_w.l(handlers.o)
    0x08004ab0   0x0000000e   Code   RO         4523    i.__scatterload_zeroinit  mc_w.l(handlers.o)
    0x08004abe   0x00000002   PAD
    0x08004ac0   0x000002f0   Code   RO         4382    i._printf_core      mc_w.l(printf6.o)
    0x08004db0   0x00000024   Code   RO         4383    i._printf_post_padding  mc_w.l(printf6.o)
    0x08004dd4   0x0000002e   Code   RO         4384    i._printf_pre_padding  mc_w.l(printf6.o)
    0x08004e02   0x0000000a   Code   RO         4386    i._sputc            mc_w.l(printf6.o)
    0x08004e0c   0x00000018   Code   RO          172    i.fputc             main.o
    0x08004e24   0x00000074   Code   RO          173    i.main              main.o
    0x08004e98   0x000000a0   Code   RO          332    i.ssd1306_DrawPixel  ssd1306.o
    0x08004f38   0x00000020   Code   RO          333    i.ssd1306_Fill      ssd1306.o
    0x08004f58   0x000000cc   Code   RO          334    i.ssd1306_Init      ssd1306.o
    0x08005024   0x0000000c   Code   RO          335    i.ssd1306_SetCursor  ssd1306.o
    0x08005030   0x0000004c   Code   RO          336    i.ssd1306_UpdateScreen  ssd1306.o
    0x0800507c   0x000000b0   Code   RO          337    i.ssd1306_WriteChar  ssd1306.o
    0x0800512c   0x00000024   Code   RO          338    i.ssd1306_WriteCommand  ssd1306.o
    0x08005150   0x0000002c   Code   RO          339    i.ssd1306_WriteString  ssd1306.o
    0x0800517c   0x00002814   Data   RO          418    .constdata          fonts.o
    0x08007990   0x00000048   Data   RO         4173    .constdata          system_stm32l4xx.o
    0x080079d8   0x0000004c   Data   RO          451    .conststring        calender.o
    0x08007a24   0x00000020   Data   RO         4519    Region$$Table       anon$$obj.o


    Execution Region RW_IRAM1 (Base: 0x20000000, Size: 0x00000bf0, Max: 0x00018000, ABSOLUTE)

    Base Addr    Size         Type   Attr      Idx    E Section Name        Object

    0x20000000   0x00000008   Data   RW          175    .data               main.o
    0x20000008   0x00000006   Data   RW          341    .data               ssd1306.o
    0x2000000e   0x00000002   PAD
    0x20000010   0x00000018   Data   RW          419    .data               fonts.o
    0x20000028   0x00000054   Data   RW          452    .data               calender.o
    0x2000007c   0x00000004   Data   RW          524    .data               uart_process.o
    0x20000080   0x00000018   Data   RW          589    .data               pages.o
    0x20000098   0x00000004   Data   RW         1922    .data               stm32l4xx_hal.o
    0x2000009c   0x00000004   Data   RW         4174    .data               system_stm32l4xx.o
    0x200000a0   0x00000004   Data   RW         4495    .data               mc_w.l(stdout.o)
    0x200000a4   0x00000130   Zero   RW          174    .bss                main.o
    0x200001d4   0x00000400   Zero   RW          340    .bss                ssd1306.o
    0x200005d4   0x00000028   Zero   RW          450    .bss                calender.o
    0x200005fc   0x00000050   Zero   RW          523    .bss                uart_process.o
    0x2000064c   0x000001a0   Zero   RW          588    .bss                pages.o
    0x200007ec   0x00000004   PAD
    0x200007f0   0x00000400   Zero   RW            1    STACK               startup_stm32l476xx.o


==============================================================================

Image component sizes


      Code (inc. data)   RO Data    RW Data    ZI Data      Debug   Object Name

       764        116         76         84         40       3942   calender.o
         0          0      10260         24          0       1050   fonts.o
       768         58          0          8        304       6582   main.o
      1746        252          0         24        416       7724   pages.o
      1070         38          0          6       1024       7788   ssd1306.o
        36          8        392          0       1024        856   startup_stm32l476xx.o
       134         20          0          4          0       4247   stm32l4xx_hal.o
       348         22          0          0          0      32757   stm32l4xx_hal_cortex.o
        88          0          0          0          0       1083   stm32l4xx_hal_dma.o
       554         36          0          0          0       3760   stm32l4xx_hal_gpio.o
      1266         18          0          0          0       9287   stm32l4xx_hal_i2c.o
       106          0          0          0          0       1151   stm32l4xx_hal_i2c_ex.o
       456         48          0          0          0       3496   stm32l4xx_hal_msp.o
        20          6          0          0          0        563   stm32l4xx_hal_pwr.o
       156         18          0          0          0       1378   stm32l4xx_hal_pwr_ex.o
      2732         96          0          0          0       7144   stm32l4xx_hal_rcc.o
      2156         42          0          0          0       3960   stm32l4xx_hal_rcc_ex.o
      1884         36          0          0          0       9154   stm32l4xx_hal_rtc.o
        38          0          0          0          0       2919   stm32l4xx_hal_rtc_ex.o
      1130         36          0          0          0       9659   stm32l4xx_hal_tim.o
       112         10          0          0          0       2618   stm32l4xx_hal_tim_ex.o
      2874         56          0          0          0      12280   stm32l4xx_hal_uart.o
         2          0          0          0          0        996   stm32l4xx_hal_uart_ex.o
        60         18          0          0          0     861839   stm32l4xx_it.o
        80         12         72          4          0       1273   system_stm32l4xx.o
       538        104          0          4         80       3264   uart_process.o

    ----------------------------------------------------------------------
     19140       1050      10832        160       2892    1000770   Object Totals
         0          0         32          0          0          0   (incl. Generated)
        22          0          0          2          4          0   (incl. Padding)

    ----------------------------------------------------------------------

      Code (inc. data)   RO Data    RW Data    ZI Data      Debug   Library Member Name

         0          0          0          0          0          0   entry.o
         0          0          0          0          0          0   entry10a.o
         0          0          0          0          0          0   entry11a.o
         8          4          0          0          0          0   entry2.o
         4          0          0          0          0          0   entry5.o
         0          0          0          0          0          0   entry7b.o
         0          0          0          0          0          0   entry8b.o
         8          4          0          0          0          0   entry9a.o
        30          0          0          0          0          0   handlers.o
        36          8          0          0          0         68   init.o
        30          0          0          0          0         68   llshl.o
        32          0          0          0          0         68   llushr.o
        36          0          0          0          0         68   memcpya.o
        36          0          0          0          0        108   memseta.o
       916         20          0          0          0        504   printf6.o
         0          0          0          4          0          0   stdout.o
        28          0          0          0          0         76   strcmp.o
        18          0          0          0          0         68   strcpy.o
        44          0          0          0          0         80   uidiv.o
        98          0          0          0          0         92   uldiv.o

    ----------------------------------------------------------------------
      1328         36          0          4          0       1200   Library Totals
         4          0          0          0          0          0   (incl. Padding)

    ----------------------------------------------------------------------

      Code (inc. data)   RO Data    RW Data    ZI Data      Debug   Library Name

      1324         36          0          4          0       1200   mc_w.l

    ----------------------------------------------------------------------
      1328         36          0          4          0       1200   Library Totals

    ----------------------------------------------------------------------

==============================================================================


      Code (inc. data)   RO Data    RW Data    ZI Data      Debug   

     20468       1086      10832        164       2892     988450   Grand Totals
     20468       1086      10832        164       2892     988450   ELF Image Totals
     20468       1086      10832        164          0          0   ROM Totals

==============================================================================

    Total RO  Size (Code + RO Data)                31300 (  30.57kB)
    Total RW  Size (RW Data + ZI Data)              3056 (   2.98kB)
    Total ROM Size (Code + RO Data + RW Data)      31464 (  30.73kB)

==============================================================================

